../Core/Src/main.c:51:13:Robot_HandleObstacle	72	static
../Core/Src/main.c:76:13:Robot_PublishData	112	static
../Core/Src/main.c:102:5:main	16	static
../Core/Src/main.c:186:6:SystemClock_Config	88	static
../Core/Src/main.c:215:13:MX_TIM1_Init	32	static
../Core/Src/main.c:235:13:MX_TIM3_Init	64	static
../Core/Src/main.c:263:13:MX_TIM4_Init	64	static
../Core/Src/main.c:290:13:MX_USART1_UART_Init	8	static
../Core/Src/main.c:303:13:MX_USART2_UART_Init	8	static
../Core/Src/main.c:316:13:MX_GPIO_Init	48	static
../Core/Src/main.c:367:6:Error_Handler	4	static,ignoring_inline_asm
