../Core/Src/main.c:63:6:LCD_enable	8	static
../Core/Src/main.c:71:6:LCD_SendNibble	16	static
../Core/Src/main.c:78:6:LCD_cmd	16	static
../Core/Src/main.c:89:6:LCD_data	16	static
../Core/Src/main.c:98:6:LCD_string	16	static
../Core/Src/main.c:105:6:LCD_init	8	static
../Core/Src/main.c:119:6:UART2_SendString	16	static
../Core/Src/main.c:139:5:main	8	static
../Core/Src/main.c:197:6:SystemClock_Config	88	static
../Core/Src/main.c:239:13:MX_USART2_UART_Init	8	static
../Core/Src/main.c:272:13:MX_GPIO_Init	48	static
../Core/Src/main.c:322:6:Error_Handler	4	static,ignoring_inline_asm
