../Drivers/CMSIS/Include/core_cm4.h:2064:26:ITM_SendChar	4
../Core/Src/main.c:73:5:__io_putchar	1
../Core/Src/main.c:80:6:delay_us	2
../Core/Src/main.c:87:6:DHT11_Start	1
../Core/Src/main.c:113:8:DHT11_Check_Response	6
../Core/Src/main.c:155:9:DHT11_Read	7
../Core/Src/main.c:195:5:main	3
../Core/Src/main.c:277:6:SystemClock_Config	3
../Core/Src/main.c:317:13:MX_TIM1_Init	4
../Core/Src/main.c:352:13:MX_USART2_UART_Init	2
../Core/Src/main.c:372:13:MX_GPIO_Init	1
../Core/Src/main.c:413:6:Error_Handler	1
