../Core/Src/main.c:88:6:Debug_Print	16	static
../Core/Src/main.c:92:5:main	184	static
../Core/Src/main.c:169:6:RC522_Test	112	static
../Core/Src/main.c:200:9:RC522_Init	80	static
../Core/Src/main.c:224:6:RC522_WriteRegister	24	static
../Core/Src/main.c:234:9:RC522_ReadRegister	24	static
../Core/Src/main.c:246:6:RC522_SetBitMask	24	static
../Core/Src/main.c:251:6:RC522_ClearBitMask	24	static
../Core/Src/main.c:256:6:RC522_AntennaOn	16	static
../Core/Src/main.c:263:9:RC522_Request	32	static
../Core/Src/main.c:273:9:RC522_ToCard	40	static
../Core/Src/main.c:304:9:RC522_Anticoll	32	static
../Core/Src/main.c:317:13:MX_SPI2_Init	8	static
../Core/Src/main.c:333:13:MX_GPIO_Init	32	static
../Core/Src/main.c:344:13:MX_USART2_UART_Init	8	static
../Core/Src/main.c:356:6:SystemClock_Config	88	static
../Core/Src/main.c:380:6:Error_Handler	4	static,ignoring_inline_asm
