../Core/Src/main.c:33:6:LCD_enable	8	static
../Core/Src/main.c:39:6:LCD_SendNibble	16	static
../Core/Src/main.c:47:6:LCD_cmd	16	static
../Core/Src/main.c:55:6:LCD_data	16	static
../Core/Src/main.c:63:6:LCD_string	16	static
../Core/Src/main.c:69:6:LCD_init	8	static
../Core/Src/main.c:84:6:Keypad_GetKey	16	static
../Core/Src/main.c:109:5:main	16	static
../Core/Src/main.c:145:13:MX_GPIO_Init	40	static
../Core/Src/main.c:179:13:MX_USART2_UART_Init	8	static
../Core/Src/main.c:193:6:SystemClock_Config	88	static
../Core/Src/main.c:218:6:Error_Handler	4	static,ignoring_inline_asm
