../Core/Src/main.c:103:5:__io_putchar	1
../Core/Src/main.c:117:17:WE10_ReadResponse	4
../Core/Src/main.c:145:16:WE10_SendCmd	6
../Core/Src/main.c:177:9:WE10_Init	2
../Core/Src/main.c:213:9:MQTT_Init	2
../Core/Src/main.c:251:6:mqtt_publish_data	3
../Core/Src/main.c:291:5:main	5
../Core/Src/main.c:391:6:SystemClock_Config	3
../Core/Src/main.c:431:13:MX_ADC1_Init	3
../Core/Src/main.c:483:13:MX_USART1_UART_Init	2
../Core/Src/main.c:514:13:MX_USART2_UART_Init	2
../Core/Src/main.c:545:13:MX_GPIO_Init	1
../Core/Src/main.c:593:6:Error_Handler	1
