../Core/Src/main.c:103:5:__io_putchar	16	static
../Core/Src/main.c:117:17:WE10_ReadResponse	40	static
../Core/Src/main.c:145:16:WE10_SendCmd	192	static
../Core/Src/main.c:177:9:WE10_Init	320	static
../Core/Src/main.c:213:9:MQTT_Init	344	static
../Core/Src/main.c:251:6:mqtt_publish_data	560	static
../Core/Src/main.c:291:5:main	16	static
../Core/Src/main.c:391:6:SystemClock_Config	88	static
../Core/Src/main.c:431:13:MX_ADC1_Init	24	static
../Core/Src/main.c:483:13:MX_USART1_UART_Init	8	static
../Core/Src/main.c:514:13:MX_USART2_UART_Init	8	static
../Core/Src/main.c:545:13:MX_GPIO_Init	48	static
../Core/Src/main.c:593:6:Error_Handler	4	static,ignoring_inline_asm
