../Core/Src/main.c:130:26:BMP280_ReadReg	40	static
../Core/Src/main.c:135:26:BMP280_WriteReg	32	static
../Core/Src/main.c:140:13:BMP280_ReadCalibration	40	static
../Core/Src/main.c:160:19:BMP280_Init	24	static
../Core/Src/main.c:187:14:BMP280_CompensateTemperature	32	static
../Core/Src/main.c:200:14:BMP280_CompensatePressure	32	static
../Core/Src/main.c:223:19:BMP280_ReadData	32	static
../Core/Src/main.c:252:10:send_cmd	24	static
../Core/Src/main.c:246:6:WE10_Init	152	static
../Core/Src/main.c:291:10:send_cmd	32	static
../Core/Src/main.c:286:6:MQTT_Init	144	static
../Core/Src/main.c:329:6:mqtt_publish_bmp280	368	static
../Core/Src/main.c:389:5:main	8	static
../Core/Src/main.c:455:6:SystemClock_Config	88	static
../Core/Src/main.c:497:13:MX_I2C1_Init	8	static
../Core/Src/main.c:531:13:MX_TIM1_Init	32	static
../Core/Src/main.c:577:13:MX_USART1_UART_Init	8	static
../Core/Src/main.c:610:13:MX_USART2_UART_Init	8	static
../Core/Src/main.c:643:13:MX_GPIO_Init	48	static
../Core/Src/main.c:683:6:Error_Handler	4	static,ignoring_inline_asm
