Archive member included to satisfy reference by file (symbol)

D:/phytec ojt/STM32CubeIDE_1.16.0/STM32CubeIDE/plugins/com.st.stm32cube.ide.mcu.externaltools.gnu-tools-for-stm32.12.3.rel1.win32_1.0.200.202406191623/tools/bin/../lib/gcc/arm-none-eabi/12.3.1/../../../../arm-none-eabi/lib/thumb/v7e-m+fp/hard\libc_nano.a(libc_a-exit.o)
                              D:/phytec ojt/STM32CubeIDE_1.16.0/STM32CubeIDE/plugins/com.st.stm32cube.ide.mcu.externaltools.gnu-tools-for-stm32.12.3.rel1.win32_1.0.200.202406191623/tools/bin/../lib/gcc/arm-none-eabi/12.3.1/../../../../arm-none-eabi/lib/thumb/v7e-m+fp/hard/crt0.o (exit)
D:/phytec ojt/STM32CubeIDE_1.16.0/STM32CubeIDE/plugins/com.st.stm32cube.ide.mcu.externaltools.gnu-tools-for-stm32.12.3.rel1.win32_1.0.200.202406191623/tools/bin/../lib/gcc/arm-none-eabi/12.3.1/../../../../arm-none-eabi/lib/thumb/v7e-m+fp/hard\libc_nano.a(libc_a-findfp.o)
                              D:/phytec ojt/STM32CubeIDE_1.16.0/STM32CubeIDE/plugins/com.st.stm32cube.ide.mcu.externaltools.gnu-tools-for-stm32.12.3.rel1.win32_1.0.200.202406191623/tools/bin/../lib/gcc/arm-none-eabi/12.3.1/../../../../arm-none-eabi/lib/thumb/v7e-m+fp/hard\libc_nano.a(libc_a-exit.o) (__stdio_exit_handler)
D:/phytec ojt/STM32CubeIDE_1.16.0/STM32CubeIDE/plugins/com.st.stm32cube.ide.mcu.externaltools.gnu-tools-for-stm32.12.3.rel1.win32_1.0.200.202406191623/tools/bin/../lib/gcc/arm-none-eabi/12.3.1/../../../../arm-none-eabi/lib/thumb/v7e-m+fp/hard\libc_nano.a(libc_a-fwalk.o)
                              D:/phytec ojt/STM32CubeIDE_1.16.0/STM32CubeIDE/plugins/com.st.stm32cube.ide.mcu.externaltools.gnu-tools-for-stm32.12.3.rel1.win32_1.0.200.202406191623/tools/bin/../lib/gcc/arm-none-eabi/12.3.1/../../../../arm-none-eabi/lib/thumb/v7e-m+fp/hard\libc_nano.a(libc_a-findfp.o) (_fwalk_sglue)
D:/phytec ojt/STM32CubeIDE_1.16.0/STM32CubeIDE/plugins/com.st.stm32cube.ide.mcu.externaltools.gnu-tools-for-stm32.12.3.rel1.win32_1.0.200.202406191623/tools/bin/../lib/gcc/arm-none-eabi/12.3.1/../../../../arm-none-eabi/lib/thumb/v7e-m+fp/hard\libc_nano.a(libc_a-sprintf.o)
                              ./Core/Src/main.o (sprintf)
D:/phytec ojt/STM32CubeIDE_1.16.0/STM32CubeIDE/plugins/com.st.stm32cube.ide.mcu.externaltools.gnu-tools-for-stm32.12.3.rel1.win32_1.0.200.202406191623/tools/bin/../lib/gcc/arm-none-eabi/12.3.1/../../../../arm-none-eabi/lib/thumb/v7e-m+fp/hard\libc_nano.a(libc_a-stdio.o)
                              D:/phytec ojt/STM32CubeIDE_1.16.0/STM32CubeIDE/plugins/com.st.stm32cube.ide.mcu.externaltools.gnu-tools-for-stm32.12.3.rel1.win32_1.0.200.202406191623/tools/bin/../lib/gcc/arm-none-eabi/12.3.1/../../../../arm-none-eabi/lib/thumb/v7e-m+fp/hard\libc_nano.a(libc_a-findfp.o) (__sread)
D:/phytec ojt/STM32CubeIDE_1.16.0/STM32CubeIDE/plugins/com.st.stm32cube.ide.mcu.externaltools.gnu-tools-for-stm32.12.3.rel1.win32_1.0.200.202406191623/tools/bin/../lib/gcc/arm-none-eabi/12.3.1/../../../../arm-none-eabi/lib/thumb/v7e-m+fp/hard\libc_nano.a(libc_a-memset.o)
                              D:/phytec ojt/STM32CubeIDE_1.16.0/STM32CubeIDE/plugins/com.st.stm32cube.ide.mcu.externaltools.gnu-tools-for-stm32.12.3.rel1.win32_1.0.200.202406191623/tools/bin/../lib/gcc/arm-none-eabi/12.3.1/../../../../arm-none-eabi/lib/thumb/v7e-m+fp/hard/crt0.o (memset)
D:/phytec ojt/STM32CubeIDE_1.16.0/STM32CubeIDE/plugins/com.st.stm32cube.ide.mcu.externaltools.gnu-tools-for-stm32.12.3.rel1.win32_1.0.200.202406191623/tools/bin/../lib/gcc/arm-none-eabi/12.3.1/../../../../arm-none-eabi/lib/thumb/v7e-m+fp/hard\libc_nano.a(libc_a-closer.o)
                              D:/phytec ojt/STM32CubeIDE_1.16.0/STM32CubeIDE/plugins/com.st.stm32cube.ide.mcu.externaltools.gnu-tools-for-stm32.12.3.rel1.win32_1.0.200.202406191623/tools/bin/../lib/gcc/arm-none-eabi/12.3.1/../../../../arm-none-eabi/lib/thumb/v7e-m+fp/hard\libc_nano.a(libc_a-stdio.o) (_close_r)
D:/phytec ojt/STM32CubeIDE_1.16.0/STM32CubeIDE/plugins/com.st.stm32cube.ide.mcu.externaltools.gnu-tools-for-stm32.12.3.rel1.win32_1.0.200.202406191623/tools/bin/../lib/gcc/arm-none-eabi/12.3.1/../../../../arm-none-eabi/lib/thumb/v7e-m+fp/hard\libc_nano.a(libc_a-reent.o)
                              D:/phytec ojt/STM32CubeIDE_1.16.0/STM32CubeIDE/plugins/com.st.stm32cube.ide.mcu.externaltools.gnu-tools-for-stm32.12.3.rel1.win32_1.0.200.202406191623/tools/bin/../lib/gcc/arm-none-eabi/12.3.1/../../../../arm-none-eabi/lib/thumb/v7e-m+fp/hard\libc_nano.a(libc_a-closer.o) (errno)
D:/phytec ojt/STM32CubeIDE_1.16.0/STM32CubeIDE/plugins/com.st.stm32cube.ide.mcu.externaltools.gnu-tools-for-stm32.12.3.rel1.win32_1.0.200.202406191623/tools/bin/../lib/gcc/arm-none-eabi/12.3.1/../../../../arm-none-eabi/lib/thumb/v7e-m+fp/hard\libc_nano.a(libc_a-impure.o)
[...]
Memory Configuration

Name             Origin             Length             Attributes
RAM              0x20000000         0x00020000         xrw
FLASH            0x08000000         0x00080000         xr
*default*        0x00000000         0xffffffff

Linker script and memory map

LOAD D:/phytec ojt/STM32CubeIDE_1.16.0/STM32CubeIDE/plugins/com.st.stm32cube.ide.mcu.externaltools.gnu-tools-for-stm32.12.3.rel1.win32_1.0.200.202406191623/tools/bin/../lib/gcc/arm-none-eabi/12.3.1/thumb/v7e-m+fp/hard/crti.o
LOAD D:/phytec ojt/STM32CubeIDE_1.16.0/STM32CubeIDE/plugins/com.st.stm32cube.ide.mcu.externaltools.gnu-tools-for-stm32.12.3.rel1.win32_1.0.200.202406191623/tools/bin/../lib/gcc/arm-none-eabi/12.3.1/thumb/v7e-m+fp/hard/crtbegin.o
LOAD D:/phytec ojt/STM32CubeIDE_1.16.0/STM32CubeIDE/plugins/com.st.stm32cube.ide.mcu.externaltools.gnu-tools-for-stm32.12.3.rel1.win32_1.0.200.202406191623/tools/bin/../lib/gcc/arm-none-eabi/12.3.1/../../../../arm-none-eabi/lib/thumb/v7e-m+fp/hard/crt0.o
LOAD ./Core/Src/buzzer.o
LOAD ./Core/Src/flame_sensor.o
LOAD ./Core/Src/main.o
LOAD ./Core/Src/motor.o
LOAD ./Core/Src/servo.o
LOAD ./Core/Src/stm32f4xx_hal_msp.o
LOAD ./Core/Src/stm32f4xx_it.o
LOAD ./Core/Src/syscalls.o
LOAD ./Core/Src/sysmem.o
LOAD ./Core/Src/system_stm32f4xx.o
LOAD ./Core/Src/ultrasonic.o
LOAD ./Core/Src/we10.o
LOAD ./Core/Startup/startup_stm32f446retx.o
LOAD ./Drivers/STM32F4xx_HAL_Driver/Src/stm32f4xx_hal.o
LOAD ./Drivers/STM32F4xx_HAL_Driver/Src/stm32f4xx_hal_cortex.o
LOAD ./Drivers/STM32F4xx_HAL_Driver/Src/stm32f4xx_hal_dma.o
LOAD ./Drivers/STM32F4xx_HAL_Driver/Src/stm32f4xx_hal_dma_ex.o
LOAD ./Drivers/STM32F4xx_HAL_Driver/Src/stm32f4xx_hal_exti.o
LOAD ./Drivers/STM32F4xx_HAL_Driver/Src/stm32f4xx_hal_flash.o
LOAD ./Drivers/STM32F4xx_HAL_Driver/Src/stm32f4xx_hal_flash_ex.o
LOAD ./Drivers/STM32F4xx_HAL_Driver/Src/stm32f4xx_hal_flash_ramfunc.o
LOAD ./Drivers/STM32F4xx_HAL_Driver/Src/stm32f4xx_hal_gpio.o
LOAD ./Drivers/STM32F4xx_HAL_Driver/Src/stm32f4xx_hal_pwr.o
LOAD ./Drivers/STM32F4xx_HAL_Driver/Src/stm32f4xx_hal_pwr_ex.o
LOAD ./Drivers/STM32F4xx_HAL_Driver/Src/stm32f4xx_hal_rcc.o
LOAD ./Drivers/STM32F4xx_HAL_Driver/Src/stm32f4xx_hal_rcc_ex.o
LOAD ./Drivers/STM32F4xx_HAL_Driver/Src/stm32f4xx_hal_tim.o
LOAD ./Drivers/STM32F4xx_HAL_Driver/Src/stm32f4xx_hal_tim_ex.o
LOAD ./Drivers/STM32F4xx_HAL_Driver/Src/stm32f4xx_hal_uart.o
START GROUP
LOAD D:/phytec ojt/STM32CubeIDE_1.16.0/STM32CubeIDE/plugins/com.st.stm32cube.ide.mcu.externaltools.gnu-tools-for-stm32.12.3.rel1.win32_1.0.200.202406191623/tools/bin/../lib/gcc/arm-none-eabi/12.3.1/../../../../arm-none-eabi/lib/thumb/v7e-m+fp/hard\libc_nano.a
LOAD D:/phytec ojt/STM32CubeIDE_1.16.0/STM32CubeIDE/plugins/com.st.stm32cube.ide.mcu.externaltools.gnu-tools-for-stm32.12.3.rel1.win32_1.0.200.202406191623/tools/bin/../lib/gcc/arm-none-eabi/12.3.1/../../../../arm-none-eabi/lib/thumb/v7e-m+fp/hard\libm.a
END GROUP
START GROUP
LOAD D:/phytec ojt/STM32CubeIDE_1.16.0/STM32CubeIDE/plugins/com.st.stm32cube.ide.mcu.externaltools.gnu-tools-for-stm32.12.3.rel1.win32_1.0.200.202406191623/tools/bin/../lib/gcc/arm-none-eabi/12.3.1/thumb/v7e-m+fp/hard\libgcc.a
LOAD D:/phytec ojt/STM32CubeIDE_1.16.0/STM32CubeIDE/plugins/com.st.stm32cube.ide.mcu.externaltools.gnu-tools-for-stm32.12.3.rel1.win32_1.0.200.202406191623/tools/bin/../lib/gcc/arm-none-eabi/12.3.1/../../../../arm-none-eabi/lib/thumb/v7e-m+fp/hard\libc_nano.a
END GROUP
START GROUP
LOAD D:/phytec ojt/STM32CubeIDE_1.16.0/STM32CubeIDE/plugins/com.st.stm32cube.ide.mcu.externaltools.gnu-tools-for-stm32.12.3.rel1.win32_1.0.200.202406191623/tools/bin/../lib/gcc/arm-none-eabi/12.3.1/thumb/v7e-m+fp/hard\libgcc.a
LOAD D:/phytec ojt/STM32CubeIDE_1.16.0/STM32CubeIDE/plugins/com.st.stm32cube.ide.mcu.externaltools.gnu-tools-for-stm32.12.3.rel1.win32_1.0.200.202406191623/tools/bin/../lib/gcc/arm-none-eabi/12.3.1/../../../../arm-none-eabi/lib/thumb/v7e-m+fp/hard\libc_nano.a
LOAD D:/phytec ojt/STM32CubeIDE_1.16.0/STM32CubeIDE/plugins/com.st.stm32cube.ide.mcu.externaltools.gnu-tools-for-stm32.12.3.rel1.win32_1.0.200.202406191623/tools/bin/../lib/gcc/arm-none-eabi/12.3.1/../../../../arm-none-eabi/lib/thumb/v7e-m+fp/hard\libnosys.a
END GROUP
START GROUP
LOAD D:/phytec ojt/STM32CubeIDE_1.16.0/STM32CubeIDE/plugins/com.st.stm32cube.ide.mcu.externaltools.gnu-tools-for-stm32.12.3.rel1.win32_1.0.200.202406191623/tools/bin/../lib/gcc/arm-none-eabi/12.3.1/thumb/v7e-m+fp/hard\libgcc.a
LOAD D:/phytec ojt/STM32CubeIDE_1.16.0/STM32CubeIDE/plugins/com.st.stm32cube.ide.mcu.externaltools.gnu-tools-for-stm32.12.3.rel1.win32_1.0.200.202406191623/tools/bin/../lib/gcc/arm-none-eabi/12.3.1/../../../../arm-none-eabi/lib/thumb/v7e-m+fp/hard\libc_nano.a
LOAD D:/phytec ojt/STM32CubeIDE_1.16.0/STM32CubeIDE/plugins/com.st.stm32cube.ide.mcu.externaltools.gnu-tools-for-stm32.12.3.rel1.win32_1.0.200.202406191623/tools/bin/../lib/gcc/arm-none-eabi/12.3.1/../../../../arm-none-eabi/lib/thumb/v7e-m+fp/hard\libnosys.a
END GROUP
LOAD D:/phytec ojt/STM32CubeIDE_1.16.0/STM32CubeIDE/plugins/com.st.stm32cube.ide.mcu.externaltools.gnu-tools-for-stm32.12.3.rel1.win32_1.0.200.202406191623/tools/bin/../lib/gcc/arm-none-eabi/12.3.1/thumb/v7e-m+fp/hard/crtend.o
LOAD D:/phytec ojt/STM32CubeIDE_1.16.0/STM32CubeIDE/plugins/com.st.stm32cube.ide.mcu.externaltools.gnu-tools-for-stm32.12.3.rel1.win32_1.0.200.202406191623/tools/bin/../lib/gcc/arm-none-eabi/12.3.1/thumb/v7e-m+fp/hard/crtn.o
                0x20020000                        _estack = (ORIGIN (RAM) + LENGTH (RAM))
                0x00000200                        _Min_Heap_Size = 0x200
                0x00000400                        _Min_Stack_Size = 0x400

.isr_vector     0x08000000      0x1c4
                0x08000000                        . = ALIGN (0x4)
 *(.isr_vector)
 .isr_vector    0x08000000      0x1c4 ./Core/Startup/startup_stm32f446retx.o
                0x08000000                g_pfnVectors
                0x080001c4                        . = ALIGN (0x4)

.text           0x080001d0     0x4880
                0x080001d0                        . = ALIGN (0x4)
 *(.text)
 .text          0x080001d0       0x40 D:/phytec ojt/STM32CubeIDE_1.16.0/STM32CubeIDE/plugins/com.st.stm32cube.ide.mcu.externaltools.gnu-tools-for-stm32.12.3.rel1.win32_1.0.200.202406191623/tools/bin/../lib/gcc/arm-none-eabi/12.3.1/thumb/v7e-m+fp/hard/crtbegin.o
 .text          0x08000210       0x10 D:/phytec ojt/STM32CubeIDE_1.16.0/STM32CubeIDE/plugins/com.st.stm32cube.ide.mcu.externaltools.gnu-tools-for-stm32.12.3.rel1.win32_1.0.200.202406191623/tools/bin/../lib/gcc/arm-none-eabi/12.3.1/../../../../arm-none-eabi/lib/thumb/v7e-m+fp/hard\libc_nano.a(libc_a-strlen.o)
                0x08000210                strlen
 .text          0x08000220       0xa0 D:/phytec ojt/STM32CubeIDE_1.16.0/STM32CubeIDE/plugins/com.st.stm32cube.ide.mcu.externaltools.gnu-tools-for-stm32.12.3.rel1.win32_1.0.200.202406191623/tools/bin/../lib/gcc/arm-none-eabi/12.3.1/../../../../arm-none-eabi/lib/thumb/v7e-m+fp/hard\libc_nano.a(libc_a-memchr.o)
                0x08000220                memchr
 .text          0x080002c0       0x30 D:/phytec ojt/STM32CubeIDE_1.16.0/STM32CubeIDE/plugins/com.st.stm32cube.ide.mcu.externaltools.gnu-tools-for-stm32.12.3.rel1.win32_1.0.200.202406191623/tools/bin/../lib/gcc/arm-none-eabi/12.3.1/thumb/v7e-m+fp/hard\libgcc.a(_aeabi_uldivmod.o)
                0x080002c0                __aeabi_uldivmod
 .text          0x080002f0      0x2bc D:/phytec ojt/STM32CubeIDE_1.16.0/STM32CubeIDE/plugins/com.st.stm32cube.ide.mcu.externaltools.gnu-tools-for-stm32.12.3.rel1.win32_1.0.200.202406191623/tools/bin/../lib/gcc/arm-none-eabi/12.3.1/thumb/v7e-m+fp/hard\libgcc.a(_udivmoddi4.o)
                0x080002f0                __udivmoddi4
 .text          0x080005ac        0x4 D:/phytec ojt/STM32CubeIDE_1.16.0/STM32CubeIDE/plugins/com.st.stm32cube.ide.mcu.externaltools.gnu-tools-for-stm32.12.3.rel1.win32_1.0.200.202406191623/tools/bin/../lib/gcc/arm-none-eabi/12.3.1/thumb/v7e-m+fp/hard\libgcc.a(_dvmd_tls.o)
                0x080005ac                __aeabi_idiv0
                0x080005ac                __aeabi_ldiv0
 *(.text*)
 .text.Buzzer_Init
                0x080005b0       0x18 ./Core/Src/buzzer.o
                0x080005b0                Buzzer_Init
 .text.Buzzer_On
                0x080005c8       0x18 ./Core/Src/buzzer.o
                0x080005c8                Buzzer_On
 .text.Buzzer_Off
                0x080005e0       0x18 ./Core/Src/buzzer.o
                0x080005e0                Buzzer_Off
 .text.Buzzer_Beep
                0x080005f8       0x1e ./Core/Src/buzzer.o
                0x080005f8                Buzzer_Beep
 .text.Flame_Init
                0x08000616        0xe ./Core/Src/flame_sensor.o
                0x08000616                Flame_Init
 .text.Flame_Detected
                0x08000624       0x20 ./Core/Src/flame_sensor.o
                0x08000624                Flame_Detected
 .text.Robot_HandleObstacle
                0x08000644       0x84 ./Core/Src/main.o
 .text.Robot_PublishData
                0x080006c8       0xa0 ./Core/Src/main.o
 .text.main     0x08000768       0xd4 ./Core/Src/main.o
                0x08000768                main
 .text.SystemClock_Config
                0x0800083c       0xdc ./Core/Src/main.o
                0x0800083c                SystemClock_Config
 .text.MX_TIM1_Init
                0x08000918       0xa0 ./Core/Src/main.o
 .text.MX_TIM3_Init
                0x080009b8      0x104 ./Core/Src/main.o
 .text.MX_TIM4_Init
                0x08000abc       0xf0 ./Core/Src/main.o
 .text.MX_USART1_UART_Init
                0x08000bac       0x54 ./Core/Src/main.o
 .text.MX_USART2_UART_Init
                0x08000c00       0x54 ./Core/Src/main.o
 .text.MX_GPIO_Init
                0x08000c54      0x15c ./Core/Src/main.o
 .text.Error_Handler
                0x08000db0        0xc ./Core/Src/main.o
                0x08000db0                Error_Handler
 .text.Motor_Init
                0x08000dbc       0x38 ./Core/Src/motor.o
                0x08000dbc                Motor_Init
 .text.set_speed
                0x08000df4       0x34 ./Core/Src/motor.o
 .text.Motor_Forward
                0x08000e28       0x58 ./Core/Src/motor.o
                0x08000e28                Motor_Forward
 .text.Motor_Turn_Right
                0x08000e80       0x58 ./Core/Src/motor.o
                0x08000e80                Motor_Turn_Right
 .text.Motor_Stop
                0x08000ed8       0x4c ./Core/Src/motor.o
                0x08000ed8                Motor_Stop
 .text.Motor_GetStatus
                0x08000f24       0x18 ./Core/Src/motor.o
                0x08000f24                Motor_GetStatus
 .text.Servo_Init
                0x08000f3c       0x2c ./Core/Src/servo.o
                0x08000f3c                Servo_Init
 .text.Servo_SetAngle
                0x08000f68       0x4c ./Core/Src/servo.o
                0x08000f68                Servo_SetAngle
 .text.Servo_Sweep
                0x08000fb4       0x50 ./Core/Src/servo.o
                0x08000fb4                Servo_Sweep
 .text.HAL_MspInit
                0x08001004       0x50 ./Core/Src/stm32f4xx_hal_msp.o
                0x08001004                HAL_MspInit
 .text.HAL_TIM_Base_MspInit
                0x08001054       0x9c ./Core/Src/stm32f4xx_hal_msp.o
                0x08001054                HAL_TIM_Base_MspInit
 .text.HAL_TIM_MspPostInit
                0x080010f0       0xc4 ./Core/Src/stm32f4xx_hal_msp.o
                0x080010f0                HAL_TIM_MspPostInit
 .text.HAL_UART_MspInit
                0x080011b4       0xf8 ./Core/Src/stm32f4xx_hal_msp.o
                0x080011b4                HAL_UART_MspInit
 .text.NMI_Handler
                0x080012ac        0x8 ./Core/Src/stm32f4xx_it.o
                0x080012ac                NMI_Handler
 .text.HardFault_Handler
                0x080012b4        0x8 ./Core/Src/stm32f4xx_it.o
                0x080012b4                HardFault_Handler
 .text.MemManage_Handler
                0x080012bc        0x8 ./Core/Src/stm32f4xx_it.o
                0x080012bc                MemManage_Handler
 .text.BusFault_Handler
                0x080012c4        0x8 ./Core/Src/stm32f4xx_it.o
                0x080012c4                BusFault_Handler
 .text.UsageFault_Handler
                0x080012cc        0x8 ./Core/Src/stm32f4xx_it.o
                0x080012cc                UsageFault_Handler
 .text.SVC_Handler
                0x080012d4        0xe ./Core/Src/stm32f4xx_it.o
                0x080012d4                SVC_Handler
 .text.DebugMon_Handler
                0x080012e2        0xe ./Core/Src/stm32f4xx_it.o
                0x080012e2                DebugMon_Handler
 .text.PendSV_Handler
                0x080012f0        0xe ./Core/Src/stm32f4xx_it.o
                0x080012f0                PendSV_Handler
 .text.SysTick_Handler
                0x080012fe        0xc ./Core/Src/stm32f4xx_it.o
                0x080012fe                SysTick_Handler
 *fill*         0x0800130a        0x2 
 .text._sbrk    0x0800130c       0x6c ./Core/Src/sysmem.o
                0x0800130c                _sbrk
 .text.SystemInit
                0x08001378       0x24 ./Core/Src/system_stm32f4xx.o
                0x08001378                SystemInit
 .text.Ultrasonic_Init
                0x0800139c       0x34 ./Core/Src/ultrasonic.o
                0x0800139c                Ultrasonic_Init
 .text.delay_us
                0x080013d0       0x38 ./Core/Src/ultrasonic.o
 .text.Ultrasonic_Read_cm
                0x08001408       0x94 ./Core/Src/ultrasonic.o
                0x08001408                Ultrasonic_Read_cm
 .text.Ultrasonic_ObstacleDetected
                0x0800149c       0x28 ./Core/Src/ultrasonic.o
                0x0800149c                Ultrasonic_ObstacleDetected
 .text.send_cmd
                0x080014c4       0xb0 ./Core/Src/we10.o
 .text.WE10_Init
                0x08001574       0x90 ./Core/Src/we10.o
                0x08001574                WE10_Init
 .text.WE10_MQTT_Init
                0x08001604       0x78 ./Core/Src/we10.o
                0x08001604                WE10_MQTT_Init
 .text.WE10_MQTT_Publish
                0x0800167c       0x74 ./Core/Src/we10.o
                0x0800167c                WE10_MQTT_Publish
 .text.WE10_Log
                0x080016f0       0x30 ./Core/Src/we10.o
                0x080016f0                WE10_Log
 .text.Reset_Handler
                0x08001720       0x50 ./Core/Startup/startup_stm32f446retx.o
                0x08001720                Reset_Handler
 .text.Default_Handler
                0x08001770        0x2 ./Core/Startup/startup_stm32f446retx.o
                0x08001770                RTC_Alarm_IRQHandler
                0x08001770                EXTI2_IRQHandler
                0x08001770                TIM8_CC_IRQHandler
                0x08001770                FMPI2C1_EV_IRQHandler
                0x08001770                SPI4_IRQHandler
                0x08001770                TIM1_CC_IRQHandler
                0x08001770                DMA2_Stream5_IRQHandler
                0x08001770                DMA1_Stream5_IRQHandler
                0x08001770                PVD_IRQHandler
                0x08001770                SDIO_IRQHandler
                0x08001770                TAMP_STAMP_IRQHandler
                0x08001770                CAN2_RX1_IRQHandler
                0x08001770                EXTI3_IRQHandler
                0x08001770                TIM8_TRG_COM_TIM14_IRQHandler
                0x08001770                TIM1_UP_TIM10_IRQHandler
                0x08001770                TIM8_UP_TIM13_IRQHandler
                0x08001770                I2C3_ER_IRQHandler
                0x08001770                EXTI0_IRQHandler
                0x08001770                I2C2_EV_IRQHandler
                0x08001770                DMA1_Stream2_IRQHandler
                0x08001770                CAN1_RX0_IRQHandler
                0x08001770                FPU_IRQHandler
                0x08001770                OTG_HS_WKUP_IRQHandler
                0x08001770                CAN2_SCE_IRQHandler
                0x08001770                DMA2_Stream2_IRQHandler
                0x08001770                SPI1_IRQHandler
                0x08001770                TIM6_DAC_IRQHandler
                0x08001770                TIM1_BRK_TIM9_IRQHandler
                0x08001770                DCMI_IRQHandler
                0x08001770                CAN2_RX0_IRQHandler
                0x08001770                DMA2_Stream3_IRQHandler
                0x08001770                SAI2_IRQHandler
                0x08001770                USART6_IRQHandler
                0x08001770                USART3_IRQHandler
                0x08001770                CAN1_RX1_IRQHandler
                0x08001770                UART5_IRQHandler
                0x08001770                DMA2_Stream0_IRQHandler
                0x08001770                TIM4_IRQHandler
                0x08001770                QUADSPI_IRQHandler
                0x08001770                I2C1_EV_IRQHandler
                0x08001770                DMA1_Stream6_IRQHandler
                0x08001770                DMA1_Stream1_IRQHandler
                0x08001770                UART4_IRQHandler
                0x08001770                TIM3_IRQHandler
                0x08001770                RCC_IRQHandler
                0x08001770                TIM8_BRK_TIM12_IRQHandler
                0x08001770                Default_Handler
                0x08001770                CEC_IRQHandler
                0x08001770                EXTI15_10_IRQHandler
                0x08001770                ADC_IRQHandler
                0x08001770                DMA1_Stream7_IRQHandler
                0x08001770                TIM7_IRQHandler
                0x08001770                CAN2_TX_IRQHandler
                0x08001770                TIM5_IRQHandler
                0x08001770                DMA2_Stream7_IRQHandler
                0x08001770                I2C3_EV_IRQHandler
                0x08001770                EXTI9_5_IRQHandler
                0x08001770                RTC_WKUP_IRQHandler
                0x08001770                SPDIF_RX_IRQHandler
                0x08001770                SPI2_IRQHandler
                0x08001770                OTG_HS_EP1_IN_IRQHandler
                0x08001770                DMA1_Stream0_IRQHandler
                0x08001770                CAN1_TX_IRQHandler
                0x08001770                FMPI2C1_ER_IRQHandler
                0x08001770                EXTI4_IRQHandler
                0x08001770                OTG_HS_EP1_OUT_IRQHandler
                0x08001770                WWDG_IRQHandler
                0x08001770                TIM2_IRQHandler
                0x08001770                OTG_FS_WKUP_IRQHandler
                0x08001770                TIM1_TRG_COM_TIM11_IRQHandler
                0x08001770                OTG_HS_IRQHandler
                0x08001770                EXTI1_IRQHandler
                0x08001770                USART2_IRQHandler
                0x08001770                I2C2_ER_IRQHandler
                0x08001770                DMA2_Stream1_IRQHandler
                0x08001770                CAN1_SCE_IRQHandler
                0x08001770                FLASH_IRQHandler
                0x08001770                DMA2_Stream4_IRQHandler
                0x08001770                USART1_IRQHandler
                0x08001770                OTG_FS_IRQHandler
                0x08001770                SPI3_IRQHandler
                0x08001770                DMA1_Stream4_IRQHandler
                0x08001770                I2C1_ER_IRQHandler
                0x08001770                FMC_IRQHandler
                0x08001770                DMA2_Stream6_IRQHandler
                0x08001770                SAI1_IRQHandler
                0x08001770                DMA1_Stream3_IRQHandler
 *fill*         0x08001772        0x2 
 .text.HAL_Init
                0x08001774       0x44 ./Drivers/STM32F4xx_HAL_Driver/Src/stm32f4xx_hal.o
                0x08001774                HAL_Init
 .text.HAL_InitTick
                0x080017b8       0x60 ./Drivers/STM32F4xx_HAL_Driver/Src/stm32f4xx_hal.o
                0x080017b8                HAL_InitTick
 .text.HAL_IncTick
                0x08001818       0x28 ./Drivers/STM32F4xx_HAL_Driver/Src/stm32f4xx_hal.o
                0x08001818                HAL_IncTick
 .text.HAL_GetTick
                0x08001840       0x18 ./Drivers/STM32F4xx_HAL_Driver/Src/stm32f4xx_hal.o
                0x08001840                HAL_GetTick
 .text.HAL_Delay
                0x08001858       0x48 ./Drivers/STM32F4xx_HAL_Driver/Src/stm32f4xx_hal.o
                0x08001858                HAL_Delay
 .text.__NVIC_SetPriorityGrouping
                0x080018a0       0x48 ./Drivers/STM32F4xx_HAL_Driver/Src/stm32f4xx_hal_cortex.o
 .text.__NVIC_GetPriorityGrouping
                0x080018e8       0x1c ./Drivers/STM32F4xx_HAL_Driver/Src/stm32f4xx_hal_cortex.o
 .text.__NVIC_SetPriority
                0x08001904       0x54 ./Drivers/STM32F4xx_HAL_Driver/Src/stm32f4xx_hal_cortex.o
 .text.NVIC_EncodePriority
                0x08001958       0x66 ./Drivers/STM32F4xx_HAL_Driver/Src/stm32f4xx_hal_cortex.o
 *fill*         0x080019be        0x2 
 .text.SysTick_Config
                0x080019c0       0x44 ./Drivers/STM32F4xx_HAL_Driver/Src/stm32f4xx_hal_cortex.o
 .text.HAL_NVIC_SetPriorityGrouping
                0x08001a04       0x16 ./Drivers/STM32F4xx_HAL_Driver/Src/stm32f4xx_hal_cortex.o
                0x08001a04                HAL_NVIC_SetPriorityGrouping
 .text.HAL_NVIC_SetPriority
                0x08001a1a       0x38 ./Drivers/STM32F4xx_HAL_Driver/Src/stm32f4xx_hal_cortex.o
                0x08001a1a                HAL_NVIC_SetPriority
 .text.HAL_SYSTICK_Config
                0x08001a52       0x18 ./Drivers/STM32F4xx_HAL_Driver/Src/stm32f4xx_hal_cortex.o
                0x08001a52                HAL_SYSTICK_Config
 *fill*         0x08001a6a        0x2 
 .text.HAL_GPIO_Init
                0x08001a6c      0x328 ./Drivers/STM32F4xx_HAL_Driver/Src/stm32f4xx_hal_gpio.o
                0x08001a6c                HAL_GPIO_Init
 .text.HAL_GPIO_ReadPin
                0x08001d94       0x30 ./Drivers/STM32F4xx_HAL_Driver/Src/stm32f4xx_hal_gpio.o
                0x08001d94                HAL_GPIO_ReadPin
 .text.HAL_GPIO_WritePin
                0x08001dc4       0x32 ./Drivers/STM32F4xx_HAL_Driver/Src/stm32f4xx_hal_gpio.o
                0x08001dc4                HAL_GPIO_WritePin
 *fill*         0x08001df6        0x2 
 .text.HAL_RCC_ClockConfig
                0x08001df8      0x1cc ./Drivers/STM32F4xx_HAL_Driver/Src/stm32f4xx_hal_rcc.o
                0x08001df8                HAL_RCC_ClockConfig
 .text.HAL_RCC_GetHCLKFreq
                0x08001fc4       0x18 ./Drivers/STM32F4xx_HAL_Driver/Src/stm32f4xx_hal_rcc.o
                0x08001fc4                HAL_RCC_GetHCLKFreq
 .text.HAL_RCC_GetPCLK1Freq
                0x08001fdc       0x28 ./Drivers/STM32F4xx_HAL_Driver/Src/stm32f4xx_hal_rcc.o
                0x08001fdc                HAL_RCC_GetPCLK1Freq
 .text.HAL_RCC_GetPCLK2Freq
                0x08002004       0x28 ./Drivers/STM32F4xx_HAL_Driver/Src/stm32f4xx_hal_rcc.o
                0x08002004                HAL_RCC_GetPCLK2Freq
 .text.HAL_RCC_GetSysClockFreq
                0x0800202c      0x460 ./Drivers/STM32F4xx_HAL_Driver/Src/stm32f4xx_hal_rcc_ex.o
                0x0800202c                HAL_RCC_GetSysClockFreq
 .text.HAL_RCC_OscConfig
                0x0800248c      0x53c ./Drivers/STM32F4xx_HAL_Driver/Src/stm32f4xx_hal_rcc_ex.o
                0x0800248c                HAL_RCC_OscConfig
 .text.HAL_TIM_Base_Init
                0x080029c8       0x9e ./Drivers/STM32F4xx_HAL_Driver/Src/stm32f4xx_hal_tim.o
                0x080029c8                HAL_TIM_Base_Init
 *fill*         0x08002a66        0x2 
 .text.HAL_TIM_Base_Start
                0x08002a68       0xd0 ./Drivers/STM32F4xx_HAL_Driver/Src/stm32f4xx_hal_tim.o
                0x08002a68                HAL_TIM_Base_Start
 .text.HAL_TIM_PWM_Init
                0x08002b38       0x9e ./Drivers/STM32F4xx_HAL_Driver/Src/stm32f4xx_hal_tim.o
                0x08002b38                HAL_TIM_PWM_Init
 .text.HAL_TIM_PWM_MspInit
                0x08002bd6       0x14 ./Drivers/STM32F4xx_HAL_Driver/Src/stm32f4xx_hal_tim.o
                0x08002bd6                HAL_TIM_PWM_MspInit
 *fill*         0x08002bea        0x2 
 .text.HAL_TIM_PWM_Start
                0x08002bec      0x190 ./Drivers/STM32F4xx_HAL_Driver/Src/stm32f4xx_hal_tim.o
                0x08002bec                HAL_TIM_PWM_Start
 .text.HAL_TIM_PWM_ConfigChannel
                0x08002d7c      0x184 ./Drivers/STM32F4xx_HAL_Driver/Src/stm32f4xx_hal_tim.o
                0x08002d7c                HAL_TIM_PWM_ConfigChannel
 .text.HAL_TIM_ConfigClockSource
                0x08002f00      0x18e ./Drivers/STM32F4xx_HAL_Driver/Src/stm32f4xx_hal_tim.o
                0x08002f00                HAL_TIM_ConfigClockSource
 *fill*         0x0800308e        0x2 
 .text.TIM_Base_SetConfig
                0x08003090      0x14c ./Drivers/STM32F4xx_HAL_Driver/Src/stm32f4xx_hal_tim.o
                0x08003090                TIM_Base_SetConfig
 .text.TIM_OC1_SetConfig
                0x080031dc       0xe0 ./Drivers/STM32F4xx_HAL_Driver/Src/stm32f4xx_hal_tim.o
 .text.TIM_OC2_SetConfig
                0x080032bc       0xec ./Drivers/STM32F4xx_HAL_Driver/Src/stm32f4xx_hal_tim.o
                0x080032bc                TIM_OC2_SetConfig
 .text.TIM_OC3_SetConfig
                0x080033a8       0xe8 ./Drivers/STM32F4xx_HAL_Driver/Src/stm32f4xx_hal_tim.o
 .text.TIM_OC4_SetConfig
                0x08003490       0xac ./Drivers/STM32F4xx_HAL_Driver/Src/stm32f4xx_hal_tim.o
 .text.TIM_TI1_ConfigInputStage
                0x0800353c       0x5e ./Drivers/STM32F4xx_HAL_Driver/Src/stm32f4xx_hal_tim.o
 .text.TIM_TI2_ConfigInputStage
                0x0800359a       0x60 ./Drivers/STM32F4xx_HAL_Driver/Src/stm32f4xx_hal_tim.o
 .text.TIM_ITRx_SetConfig
                0x080035fa       0x36 ./Drivers/STM32F4xx_HAL_Driver/Src/stm32f4xx_hal_tim.o
 .text.TIM_ETR_SetConfig
                0x08003630       0x40 ./Drivers/STM32F4xx_HAL_Driver/Src/stm32f4xx_hal_tim.o
                0x08003630                TIM_ETR_SetConfig
 .text.TIM_CCxChannelCmd
                0x08003670       0x4a ./Drivers/STM32F4xx_HAL_Driver/Src/stm32f4xx_hal_tim.o
                0x08003670                TIM_CCxChannelCmd
 *fill*         0x080036ba        0x2 
 .text.HAL_TIMEx_MasterConfigSynchronization
                0x080036bc       0xf8 ./Drivers/STM32F4xx_HAL_Driver/Src/stm32f4xx_hal_tim_ex.o
                0x080036bc                HAL_TIMEx_MasterConfigSynchronization
 .text.HAL_UART_Init
                0x080037b4       0xa0 ./Drivers/STM32F4xx_HAL_Driver/Src/stm32f4xx_hal_uart.o
                0x080037b4                HAL_UART_Init
 .text.HAL_UART_Transmit
                0x08003854      0x116 ./Drivers/STM32F4xx_HAL_Driver/Src/stm32f4xx_hal_uart.o
                0x08003854                HAL_UART_Transmit
 .text.HAL_UART_Receive
                0x0800396a      0x12e ./Drivers/STM32F4xx_HAL_Driver/Src/stm32f4xx_hal_uart.o
                0x0800396a                HAL_UART_Receive
 .text.UART_WaitOnFlagUntilTimeout
                0x08003a98       0xb2 ./Drivers/STM32F4xx_HAL_Driver/Src/stm32f4xx_hal_uart.o
 .text.UART_EndRxTransfer
                0x08003b4a       0xc6 ./Drivers/STM32F4xx_HAL_Driver/Src/stm32f4xx_hal_uart.o
 .text.UART_SetConfig
                0x08003c10      0x4e8 ./Drivers/STM32F4xx_HAL_Driver/Src/stm32f4xx_hal_uart.o
 .text.sprintf  0x080040f8       0x40 D:/phytec ojt/STM32CubeIDE_1.16.0/STM32CubeIDE/plugins/com.st.stm32cube.ide.mcu.externaltools.gnu-tools-for-stm32.12.3.rel1.win32_1.0.200.202406191623/tools/bin/../lib/gcc/arm-none-eabi/12.3.1/../../../../arm-none-eabi/lib/thumb/v7e-m+fp/hard\libc_nano.a(libc_a-sprintf.o)
                0x080040f8                siprintf
                0x080040f8                sprintf
 .text.memset   0x08004138       0x10 D:/phytec ojt/STM32CubeIDE_1.16.0/STM32CubeIDE/plugins/com.st.stm32cube.ide.mcu.externaltools.gnu-tools-for-stm32.12.3.rel1.win32_1.0.200.202406191623/tools/bin/../lib/gcc/arm-none-eabi/12.3.1/../../../../arm-none-eabi/lib/thumb/v7e-m+fp/hard\libc_nano.a(libc_a-memset.o)
                0x08004138                memset
 .text.__errno  0x08004148        0xc D:/phytec ojt/STM32CubeIDE_1.16.0/STM32CubeIDE/plugins/com.st.stm32cube.ide.mcu.externaltools.gnu-tools-for-stm32.12.3.rel1.win32_1.0.200.202406191623/tools/bin/../lib/gcc/arm-none-eabi/12.3.1/../../../../arm-none-eabi/lib/thumb/v7e-m+fp/hard\libc_nano.a(libc_a-errno.o)
                0x08004148                __errno
 .text.__libc_init_array
                0x08004154       0x48 D:/phytec ojt/STM32CubeIDE_1.16.0/STM32CubeIDE/plugins/com.st.stm32cube.ide.mcu.externaltools.gnu-tools-for-stm32.12.3.rel1.win32_1.0.200.202406191623/tools/bin/../lib/gcc/arm-none-eabi/12.3.1/../../../../arm-none-eabi/lib/thumb/v7e-m+fp/hard\libc_nano.a(libc_a-init.o)
                0x08004154                __libc_init_array
 .text.__retarget_lock_acquire_recursive
                0x0800419c        0x2 D:/phytec ojt/STM32CubeIDE_1.16.0/STM32CubeIDE/plugins/com.st.stm32cube.ide.mcu.externaltools.gnu-tools-for-stm32.12.3.rel1.win32_1.0.200.202406191623/tools/bin/../lib/gcc/arm-none-eabi/12.3.1/../../../../arm-none-eabi/lib/thumb/v7e-m+fp/hard\libc_nano.a(libc_a-lock.o)
                0x0800419c                __retarget_lock_acquire_recursive
 .text.__retarget_lock_release_recursive
                0x0800419e        0x2 D:/phytec ojt/STM32CubeIDE_1.16.0/STM32CubeIDE/plugins/com.st.stm32cube.ide.mcu.externaltools.gnu-tools-for-stm32.12.3.rel1.win32_1.0.200.202406191623/tools/bin/../lib/gcc/arm-none-eabi/12.3.1/../../../../arm-none-eabi/lib/thumb/v7e-m+fp/hard\libc_nano.a(libc_a-lock.o)
                0x0800419e                __retarget_lock_release_recursive
 .text._free_r  0x080041a0       0x94 D:/phytec ojt/STM32CubeIDE_1.16.0/STM32CubeIDE/plugins/com.st.stm32cube.ide.mcu.externaltools.gnu-tools-for-stm32.12.3.rel1.win32_1.0.200.202406191623/tools/bin/../lib/gcc/arm-none-eabi/12.3.1/../../../../arm-none-eabi/lib/thumb/v7e-m+fp/hard\libc_nano.a(libc_a-freer.o)
                0x080041a0                _free_r
 .text.sbrk_aligned
                0x08004234       0x44 D:/phytec ojt/STM32CubeIDE_1.16.0/STM32CubeIDE/plugins/com.st.stm32cube.ide.mcu.externaltools.gnu-tools-for-stm32.12.3.rel1.win32_1.0.200.202406191623/tools/bin/../lib/gcc/arm-none-eabi/12.3.1/../../../../arm-none-eabi/lib/thumb/v7e-m+fp/hard\libc_nano.a(libc_a-mallocr.o)
 .text._malloc_r
                0x08004278      0x100 D:/phytec ojt/STM32CubeIDE_1.16.0/STM32CubeIDE/plugins/com.st.stm32cube.ide.mcu.externaltools.gnu-tools-for-stm32.12.3.rel1.win32_1.0.200.202406191623/tools/bin/../lib/gcc/arm-none-eabi/12.3.1/../../../../arm-none-eabi/lib/thumb/v7e-m+fp/hard\libc_nano.a(libc_a-mallocr.o)
                0x08004278                _malloc_r
 .text.__malloc_lock
                0x08004378        0xc D:/phytec ojt/STM32CubeIDE_1.16.0/STM32CubeIDE/plugins/com.st.stm32cube.ide.mcu.externaltools.gnu-tools-for-stm32.12.3.rel1.win32_1.0.200.202406191623/tools/bin/../lib/gcc/arm-none-eabi/12.3.1/../../../../arm-none-eabi/lib/thumb/v7e-m+fp/hard\libc_nano.a(libc_a-mlock.o)
                0x08004378                __malloc_lock
 .text.__malloc_unlock
                0x08004384        0xc D:/phytec ojt/STM32CubeIDE_1.16.0/STM32CubeIDE/plugins/com.st.stm32cube.ide.mcu.externaltools.gnu-tools-for-stm32.12.3.rel1.win32_1.0.200.202406191623/tools/bin/../lib/gcc/arm-none-eabi/12.3.1/../../../../arm-none-eabi/lib/thumb/v7e-m+fp/hard\libc_nano.a(libc_a-mlock.o)
                0x08004384                __malloc_unlock
 .text.__ssputs_r
                0x08004390       0xb6 D:/phytec ojt/STM32CubeIDE_1.16.0/STM32CubeIDE/plugins/com.st.stm32cube.ide.mcu.externaltools.gnu-tools-for-stm32.12.3.rel1.win32_1.0.200.202406191623/tools/bin/../lib/gcc/arm-none-eabi/12.3.1/../../../../arm-none-eabi/lib/thumb/v7e-m+fp/hard\libc_nano.a(libc_a-nano-svfprintf.o)
                0x08004390                __ssputs_r
 *fill*         0x08004446        0x2 
 .text._svfprintf_r
                0x08004448      0x1f8 D:/phytec ojt/STM32CubeIDE_1.16.0/STM32CubeIDE/plugins/com.st.stm32cube.ide.mcu.externaltools.gnu-tools-for-stm32.12.3.rel1.win32_1.0.200.202406191623/tools/bin/../lib/gcc/arm-none-eabi/12.3.1/../../../../arm-none-eabi/lib/thumb/v7e-m+fp/hard\libc_nano.a(libc_a-nano-svfprintf.o)
                0x08004448                _svfiprintf_r
                0x08004448                _svfprintf_r
 .text._printf_common
                0x08004640       0xda D:/phytec ojt/STM32CubeIDE_1.16.0/STM32CubeIDE/plugins/com.st.stm32cube.ide.mcu.externaltools.gnu-tools-for-stm32.12.3.rel1.win32_1.0.200.202406191623/tools/bin/../lib/gcc/arm-none-eabi/12.3.1/../../../../arm-none-eabi/lib/thumb/v7e-m+fp/hard\libc_nano.a(libc_a-nano-vfprintf_i.o)
                0x08004640                _printf_common
 *fill*         0x0800471a        0x2 
 .text._printf_i
                0x0800471c      0x240 D:/phytec ojt/STM32CubeIDE_1.16.0/STM32CubeIDE/plugins/com.st.stm32cube.ide.mcu.externaltools.gnu-tools-for-stm32.12.3.rel1.win32_1.0.200.202406191623/tools/bin/../lib/gcc/arm-none-eabi/12.3.1/../../../../arm-none-eabi/lib/thumb/v7e-m+fp/hard\libc_nano.a(libc_a-nano-vfprintf_i.o)
                0x0800471c                _printf_i
 .text.memmove  0x0800495c       0x34 D:/phytec ojt/STM32CubeIDE_1.16.0/STM32CubeIDE/plugins/com.st.stm32cube.ide.mcu.externaltools.gnu-tools-for-stm32.12.3.rel1.win32_1.0.200.202406191623/tools/bin/../lib/gcc/arm-none-eabi/12.3.1/../../../../arm-none-eabi/lib/thumb/v7e-m+fp/hard\libc_nano.a(libc_a-memmove.o)
                0x0800495c                memmove
 .text._sbrk_r  0x08004990       0x20 D:/phytec ojt/STM32CubeIDE_1.16.0/STM32CubeIDE/plugins/com.st.stm32cube.ide.mcu.externaltools.gnu-tools-for-stm32.12.3.rel1.win32_1.0.200.202406191623/tools/bin/../lib/gcc/arm-none-eabi/12.3.1/../../../../arm-none-eabi/lib/thumb/v7e-m+fp/hard\libc_nano.a(libc_a-sbrkr.o)
                0x08004990                _sbrk_r
 .text.memcpy   0x080049b0       0x1c D:/phytec ojt/STM32CubeIDE_1.16.0/STM32CubeIDE/plugins/com.st.stm32cube.ide.mcu.externaltools.gnu-tools-for-stm32.12.3.rel1.win32_1.0.200.202406191623/tools/bin/../lib/gcc/arm-none-eabi/12.3.1/../../../../arm-none-eabi/lib/thumb/v7e-m+fp/hard\libc_nano.a(libc_a-memcpy-stub.o)
                0x080049b0                memcpy
 .text._realloc_r
                0x080049cc       0x5c D:/phytec ojt/STM32CubeIDE_1.16.0/STM32CubeIDE/plugins/com.st.stm32cube.ide.mcu.externaltools.gnu-tools-for-stm32.12.3.rel1.win32_1.0.200.202406191623/tools/bin/../lib/gcc/arm-none-eabi/12.3.1/../../../../arm-none-eabi/lib/thumb/v7e-m+fp/hard\libc_nano.a(libc_a-reallocr.o)
                0x080049cc                _realloc_r
 .text._malloc_usable_size_r
                0x08004a28       0x10 D:/phytec ojt/STM32CubeIDE_1.16.0/STM32CubeIDE/plugins/com.st.stm32cube.ide.mcu.externaltools.gnu-tools-for-stm32.12.3.rel1.win32_1.0.200.202406191623/tools/bin/../lib/gcc/arm-none-eabi/12.3.1/../../../../arm-none-eabi/lib/thumb/v7e-m+fp/hard\libc_nano.a(libc_a-msizer.o)
                0x08004a28                _malloc_usable_size_r
 *(.glue_7)
 .glue_7        0x08004a38        0x0 linker stubs
 *(.glue_7t)
 .glue_7t       0x08004a38        0x0 linker stubs
 *(.eh_frame)
 .eh_frame      0x08004a38        0x0 D:/phytec ojt/STM32CubeIDE_1.16.0/STM32CubeIDE/plugins/com.st.stm32cube.ide.mcu.externaltools.gnu-tools-for-stm32.12.3.rel1.win32_1.0.200.202406191623/tools/bin/../lib/gcc/arm-none-eabi/12.3.1/thumb/v7e-m+fp/hard/crtbegin.o
 *(.init)
 .init          0x08004a38        0x4 D:/phytec ojt/STM32CubeIDE_1.16.0/STM32CubeIDE/plugins/com.st.stm32cube.ide.mcu.externaltools.gnu-tools-for-stm32.12.3.rel1.win32_1.0.200.202406191623/tools/bin/../lib/gcc/arm-none-eabi/12.3.1/thumb/v7e-m+fp/hard/crti.o
                0x08004a38                _init
 .init          0x08004a3c        0x8 D:/phytec ojt/STM32CubeIDE_1.16.0/STM32CubeIDE/plugins/com.st.stm32cube.ide.mcu.externaltools.gnu-tools-for-stm32.12.3.rel1.win32_1.0.200.202406191623/tools/bin/../lib/gcc/arm-none-eabi/12.3.1/thumb/v7e-m+fp/hard/crtn.o
 *(.fini)
 .fini          0x08004a44        0x4 D:/phytec ojt/STM32CubeIDE_1.16.0/STM32CubeIDE/plugins/com.st.stm32cube.ide.mcu.externaltools.gnu-tools-for-stm32.12.3.rel1.win32_1.0.200.202406191623/tools/bin/../lib/gcc/arm-none-eabi/12.3.1/thumb/v7e-m+fp/hard/crti.o
                0x08004a44                _fini
 .fini          0x08004a48        0x8 D:/phytec ojt/STM32CubeIDE_1.16.0/STM32CubeIDE/plugins/com.st.stm32cube.ide.mcu.externaltools.gnu-tools-for-stm32.12.3.rel1.win32_1.0.200.202406191623/tools/bin/../lib/gcc/arm-none-eabi/12.3.1/thumb/v7e-m+fp/hard/crtn.o
                0x08004a50                        . = ALIGN (0x4)
                0x08004a50                        _etext = .

.vfp11_veneer   0x08004a50        0x0
 .vfp11_veneer  0x08004a50        0x0 linker stubs

.v4_bx          0x08004a50        0x0
 .v4_bx         0x08004a50        0x0 linker stubs

.iplt           0x08004a50        0x0
 .iplt          0x08004a50        0x0 D:/phytec ojt/STM32CubeIDE_1.16.0/STM32CubeIDE/plugins/com.st.stm32cube.ide.mcu.externaltools.gnu-tools-for-stm32.12.3.rel1.win32_1.0.200.202406191623/tools/bin/../lib/gcc/arm-none-eabi/12.3.1/thumb/v7e-m+fp/hard/crtbegin.o

.rodata         0x08004a50      0x2d8
                0x08004a50                        . = ALIGN (0x4)
 *(.rodata)
 .rodata        0x08004a50      0x127 ./Core/Src/main.o
 *fill*         0x08004b77        0x1 
 .rodata        0x08004b78       0x3a ./Core/Src/motor.o
 *fill*         0x08004bb2        0x2 
 .rodata        0x08004bb4      0x128 ./Core/Src/we10.o
 *(.rodata*)
 .rodata.AHBPrescTable
                0x08004cdc       0x10 ./Core/Src/system_stm32f4xx.o
                0x08004cdc                AHBPrescTable
 .rodata.APBPrescTable
                0x08004cec        0x8 ./Core/Src/system_stm32f4xx.o
                0x08004cec                APBPrescTable
 .rodata._svfprintf_r.str1.1
                0x08004cf4       0x11 D:/phytec ojt/STM32CubeIDE_1.16.0/STM32CubeIDE/plugins/com.st.stm32cube.ide.mcu.externaltools.gnu-tools-for-stm32.12.3.rel1.win32_1.0.200.202406191623/tools/bin/../lib/gcc/arm-none-eabi/12.3.1/../../../../arm-none-eabi/lib/thumb/v7e-m+fp/hard\libc_nano.a(libc_a-nano-svfprintf.o)
 .rodata._printf_i.str1.1
                0x08004d05       0x22 D:/phytec ojt/STM32CubeIDE_1.16.0/STM32CubeIDE/plugins/com.st.stm32cube.ide.mcu.externaltools.gnu-tools-for-stm32.12.3.rel1.win32_1.0.200.202406191623/tools/bin/../lib/gcc/arm-none-eabi/12.3.1/../../../../arm-none-eabi/lib/thumb/v7e-m+fp/hard\libc_nano.a(libc_a-nano-vfprintf_i.o)
                0x08004d28                        . = ALIGN (0x4)
 *fill*         0x08004d27        0x1 

.ARM.extab      0x08004d28        0x0
                0x08004d28                        . = ALIGN (0x4)
 *(.ARM.extab* .gnu.linkonce.armextab.*)
                0x08004d28                        . = ALIGN (0x4)

.ARM            0x08004d28        0x8
                0x08004d28                        . = ALIGN (0x4)
                0x08004d28                        __exidx_start = .
 *(.ARM.exidx*)
 .ARM.exidx     0x08004d28        0x8 D:/phytec ojt/STM32CubeIDE_1.16.0/STM32CubeIDE/plugins/com.st.stm32cube.ide.mcu.externaltools.gnu-tools-for-stm32.12.3.rel1.win32_1.0.200.202406191623/tools/bin/../lib/gcc/arm-none-eabi/12.3.1/../../../../arm-none-eabi/lib/thumb/v7e-m+fp/hard\libc_nano.a(libc_a-strlen.o)
 .ARM.exidx     0x08004d30        0x0 D:/phytec ojt/STM32CubeIDE_1.16.0/STM32CubeIDE/plugins/com.st.stm32cube.ide.mcu.externaltools.gnu-tools-for-stm32.12.3.rel1.win32_1.0.200.202406191623/tools/bin/../lib/gcc/arm-none-eabi/12.3.1/../../../../arm-none-eabi/lib/thumb/v7e-m+fp/hard\libc_nano.a(libc_a-memchr.o)
                                  0x8 (size before relaxing)
 .ARM.exidx     0x08004d30        0x0 D:/phytec ojt/STM32CubeIDE_1.16.0/STM32CubeIDE/plugins/com.st.stm32cube.ide.mcu.externaltools.gnu-tools-for-stm32.12.3.rel1.win32_1.0.200.202406191623/tools/bin/../lib/gcc/arm-none-eabi/12.3.1/thumb/v7e-m+fp/hard\libgcc.a(_udivmoddi4.o)
                                  0x8 (size before relaxing)
                0x08004d30                        __exidx_end = .
                0x08004d30                        . = ALIGN (0x4)

.preinit_array  0x08004d30        0x0
                0x08004d30                        . = ALIGN (0x4)
                0x08004d30                        PROVIDE (__preinit_array_start = .)
 *(.preinit_array*)
                0x08004d30                        PROVIDE (__preinit_array_end = .)
                0x08004d30                        . = ALIGN (0x4)

.init_array     0x08004d30        0x4
                0x08004d30                        . = ALIGN (0x4)
                0x08004d30                        PROVIDE (__init_array_start = .)
 *(SORT_BY_NAME(.init_array.*))
 *(.init_array*)
 .init_array    0x08004d30        0x4 D:/phytec ojt/STM32CubeIDE_1.16.0/STM32CubeIDE/plugins/com.st.stm32cube.ide.mcu.externaltools.gnu-tools-for-stm32.12.3.rel1.win32_1.0.200.202406191623/tools/bin/../lib/gcc/arm-none-eabi/12.3.1/thumb/v7e-m+fp/hard/crtbegin.o
                0x08004d34                        PROVIDE (__init_array_end = .)
                0x08004d34                        . = ALIGN (0x4)

.fini_array     0x08004d34        0x4
                0x08004d34                        . = ALIGN (0x4)
                [!provide]                        PROVIDE (__fini_array_start = .)
 *(SORT_BY_NAME(.fini_array.*))
 *(.fini_array*)
 .fini_array    0x08004d34        0x4 D:/phytec ojt/STM32CubeIDE_1.16.0/STM32CubeIDE/plugins/com.st.stm32cube.ide.mcu.externaltools.gnu-tools-for-stm32.12.3.rel1.win32_1.0.200.202406191623/tools/bin/../lib/gcc/arm-none-eabi/12.3.1/thumb/v7e-m+fp/hard/crtbegin.o
                [!provide]                        PROVIDE (__fini_array_end = .)
                0x08004d38                        . = ALIGN (0x4)
                0x08004d38                        _sidata = LOADADDR (.data)

.rel.dyn        0x08004d38        0x0
 .rel.iplt      0x08004d38        0x0 D:/phytec ojt/STM32CubeIDE_1.16.0/STM32CubeIDE/plugins/com.st.stm32cube.ide.mcu.externaltools.gnu-tools-for-stm32.12.3.rel1.win32_1.0.200.202406191623/tools/bin/../lib/gcc/arm-none-eabi/12.3.1/thumb/v7e-m+fp/hard/crtbegin.o

.data           0x20000000       0x60 load address 0x08004d38
                0x20000000                        . = ALIGN (0x4)
                0x20000000                        _sdata = .
 *(.data)
 *(.data*)
 .data._status  0x20000000        0x4 ./Core/Src/motor.o
 .data.SystemCoreClock
                0x20000004        0x4 ./Core/Src/system_stm32f4xx.o
                0x20000004                SystemCoreClock
 .data.uwTickPrio
                0x20000008        0x4 ./Drivers/STM32F4xx_HAL_Driver/Src/stm32f4xx_hal.o
                0x20000008                uwTickPrio
 .data.uwTickFreq
                0x2000000c        0x1 ./Drivers/STM32F4xx_HAL_Driver/Src/stm32f4xx_hal.o
                0x2000000c                uwTickFreq
 *fill*         0x2000000d        0x3 
 .data._impure_ptr
                0x20000010        0x4 D:/phytec ojt/STM32CubeIDE_1.16.0/STM32CubeIDE/plugins/com.st.stm32cube.ide.mcu.externaltools.gnu-tools-for-stm32.12.3.rel1.win32_1.0.200.202406191623/tools/bin/../lib/gcc/arm-none-eabi/12.3.1/../../../../arm-none-eabi/lib/thumb/v7e-m+fp/hard\libc_nano.a(libc_a-impure.o)
                0x20000010                _impure_ptr
 .data._impure_data
                0x20000014       0x4c D:/phytec ojt/STM32CubeIDE_1.16.0/STM32CubeIDE/plugins/com.st.stm32cube.ide.mcu.externaltools.gnu-tools-for-stm32.12.3.rel1.win32_1.0.200.202406191623/tools/bin/../lib/gcc/arm-none-eabi/12.3.1/../../../../arm-none-eabi/lib/thumb/v7e-m+fp/hard\libc_nano.a(libc_a-impure.o)
                0x20000014                _impure_data
 *(.RamFunc)
 *(.RamFunc*)
                0x20000060                        . = ALIGN (0x4)
                0x20000060                        _edata = .

.igot.plt       0x20000060        0x0 load address 0x08004d98
 .igot.plt      0x20000060        0x0 D:/phytec ojt/STM32CubeIDE_1.16.0/STM32CubeIDE/plugins/com.st.stm32cube.ide.mcu.externaltools.gnu-tools-for-stm32.12.3.rel1.win32_1.0.200.202406191623/tools/bin/../lib/gcc/arm-none-eabi/12.3.1/thumb/v7e-m+fp/hard/crtbegin.o
                0x20000060                        . = ALIGN (0x4)

.bss            0x20000060      0x368 load address 0x08004d98
                0x20000060                        _sbss = .
                0x20000060                        __bss_start__ = _sbss
 *(.bss)
 .bss           0x20000060       0x1c D:/phytec ojt/STM32CubeIDE_1.16.0/STM32CubeIDE/plugins/com.st.stm32cube.ide.mcu.externaltools.gnu-tools-for-stm32.12.3.rel1.win32_1.0.200.202406191623/tools/bin/../lib/gcc/arm-none-eabi/12.3.1/thumb/v7e-m+fp/hard/crtbegin.o
 *(.bss*)
 .bss.htim1     0x2000007c       0x48 ./Core/Src/main.o
                0x2000007c                htim1
 .bss.htim3     0x200000c4       0x48 ./Core/Src/main.o
                0x200000c4                htim3
 .bss.htim4     0x2000010c       0x48 ./Core/Src/main.o
                0x2000010c                htim4
 .bss.huart1    0x20000154       0x48 ./Core/Src/main.o
                0x20000154                huart1
 .bss.huart2    0x2000019c       0x48 ./Core/Src/main.o
                0x2000019c                huart2
 .bss._htim     0x200001e4        0x4 ./Core/Src/motor.o
 .bss._htim     0x200001e8        0x4 ./Core/Src/servo.o
 .bss.__sbrk_heap_end
                0x200001ec        0x4 ./Core/Src/sysmem.o
 .bss._htim     0x200001f0        0x4 ./Core/Src/ultrasonic.o
 .bss._hwifi    0x200001f4        0x4 ./Core/Src/we10.o
 .bss._hdebug   0x200001f8        0x4 ./Core/Src/we10.o
 .bss._rx_buf   0x200001fc       0x80 ./Core/Src/we10.o
 .bss.uwTick    0x2000027c        0x4 ./Drivers/STM32F4xx_HAL_Driver/Src/stm32f4xx_hal.o
                0x2000027c                uwTick
 .bss.__sf      0x20000280      0x138 D:/phytec ojt/STM32CubeIDE_1.16.0/STM32CubeIDE/plugins/com.st.stm32cube.ide.mcu.externaltools.gnu-tools-for-stm32.12.3.rel1.win32_1.0.200.202406191623/tools/bin/../lib/gcc/arm-none-eabi/12.3.1/../../../../arm-none-eabi/lib/thumb/v7e-m+fp/hard\libc_nano.a(libc_a-findfp.o)
                0x20000280                __sf
 .bss.errno     0x200003b8        0x4 D:/phytec ojt/STM32CubeIDE_1.16.0/STM32CubeIDE/plugins/com.st.stm32cube.ide.mcu.externaltools.gnu-tools-for-stm32.12.3.rel1.win32_1.0.200.202406191623/tools/bin/../lib/gcc/arm-none-eabi/12.3.1/../../../../arm-none-eabi/lib/thumb/v7e-m+fp/hard\libc_nano.a(libc_a-reent.o)
                0x200003b8                errno
 .bss.__lock___malloc_recursive_mutex
                0x200003bc        0x1 D:/phytec ojt/STM32CubeIDE_1.16.0/STM32CubeIDE/plugins/com.st.stm32cube.ide.mcu.externaltools.gnu-tools-for-stm32.12.3.rel1.win32_1.0.200.202406191623/tools/bin/../lib/gcc/arm-none-eabi/12.3.1/../../../../arm-none-eabi/lib/thumb/v7e-m+fp/hard\libc_nano.a(libc_a-lock.o)
                0x200003bc                __lock___malloc_recursive_mutex
 *fill*         0x200003bd        0x3 
 .bss.__malloc_sbrk_start
                0x200003c0        0x4 D:/phytec ojt/STM32CubeIDE_1.16.0/STM32CubeIDE/plugins/com.st.stm32cube.ide.mcu.externaltools.gnu-tools-for-stm32.12.3.rel1.win32_1.0.200.202406191623/tools/bin/../lib/gcc/arm-none-eabi/12.3.1/../../../../arm-none-eabi/lib/thumb/v7e-m+fp/hard\libc_nano.a(libc_a-mallocr.o)
                0x200003c0                __malloc_sbrk_start
 .bss.__malloc_free_list
                0x200003c4        0x4 D:/phytec ojt/STM32CubeIDE_1.16.0/STM32CubeIDE/plugins/com.st.stm32cube.ide.mcu.externaltools.gnu-tools-for-stm32.12.3.rel1.win32_1.0.200.202406191623/tools/bin/../lib/gcc/arm-none-eabi/12.3.1/../../../../arm-none-eabi/lib/thumb/v7e-m+fp/hard\libc_nano.a(libc_a-mallocr.o)
                0x200003c4                __malloc_free_list
 *(COMMON)
                0x200003c8                        . = ALIGN (0x4)
                0x200003c8                        _ebss = .
                0x200003c8                        __bss_end__ = _ebss

._user_heap_stack
                0x200003c8      0x600 load address 0x08004d98
                0x200003c8                        . = ALIGN (0x8)
                [!provide]                        PROVIDE (end = .)
                0x200003c8                        PROVIDE (_end = .)
                0x200005c8                        . = (. + _Min_Heap_Size)
 *fill*         0x200003c8      0x200 
                0x200009c8                        . = (. + _Min_Stack_Size)
 *fill*         0x200005c8      0x400 
                0x200009c8                        . = ALIGN (0x8)

/DISCARD/
 libc.a(*)
 libm.a(*)
 libgcc.a(*)

.ARM.attributes
                0x00000000       0x30
 *(.ARM.attributes)
 .ARM.attributes
                0x00000000       0x22 D:/phytec ojt/STM32CubeIDE_1.16.0/STM32CubeIDE/plugins/com.st.stm32cube.ide.mcu.externaltools.gnu-tools-for-stm32.12.3.rel1.win32_1.0.200.202406191623/tools/bin/../lib/gcc/arm-none-eabi/12.3.1/thumb/v7e-m+fp/hard/crti.o
 .ARM.attributes
                0x00000022       0x34 D:/phytec ojt/STM32CubeIDE_1.16.0/STM32CubeIDE/plugins/com.st.stm32cube.ide.mcu.externaltools.gnu-tools-for-stm32.12.3.rel1.win32_1.0.200.202406191623/tools/bin/../lib/gcc/arm-none-eabi/12.3.1/thumb/v7e-m+fp/hard/crtbegin.o
 .ARM.attributes
                0x00000056       0x34 ./Core/Src/buzzer.o
 .ARM.attributes
                0x0000008a       0x34 ./Core/Src/flame_sensor.o
 .ARM.attributes
                0x000000be       0x34 ./Core/Src/main.o
 .ARM.attributes
                0x000000f2       0x34 ./Core/Src/motor.o
 .ARM.attributes
                0x00000126       0x34 ./Core/Src/servo.o
 .ARM.attributes
                0x0000015a       0x34 ./Core/Src/stm32f4xx_hal_msp.o
 .ARM.attributes
                0x0000018e       0x34 ./Core/Src/stm32f4xx_it.o
 .ARM.attributes
                0x000001c2       0x34 ./Core/Src/sysmem.o
 .ARM.attributes
                0x000001f6       0x34 ./Core/Src/system_stm32f4xx.o
 .ARM.attributes
                0x0000022a       0x34 ./Core/Src/ultrasonic.o
 .ARM.attributes
                0x0000025e       0x34 ./Core/Src/we10.o
 .ARM.attributes
                0x00000292       0x21 ./Core/Startup/startup_stm32f446retx.o
 .ARM.attributes
                0x000002b3       0x34 ./Drivers/STM32F4xx_HAL_Driver/Src/stm32f4xx_hal.o
 .ARM.attributes
                0x000002e7       0x34 ./Drivers/STM32F4xx_HAL_Driver/Src/stm32f4xx_hal_cortex.o
 .ARM.attributes
                0x0000031b       0x34 ./Drivers/STM32F4xx_HAL_Driver/Src/stm32f4xx_hal_gpio.o
 .ARM.attributes
                0x0000034f       0x34 ./Drivers/STM32F4xx_HAL_Driver/Src/stm32f4xx_hal_rcc.o
 .ARM.attributes
                0x00000383       0x34 ./Drivers/STM32F4xx_HAL_Driver/Src/stm32f4xx_hal_rcc_ex.o
 .ARM.attributes
                0x000003b7       0x34 ./Drivers/STM32F4xx_HAL_Driver/Src/stm32f4xx_hal_tim.o
 .ARM.attributes
                0x000003eb       0x34 ./Drivers/STM32F4xx_HAL_Driver/Src/stm32f4xx_hal_tim_ex.o
 .ARM.attributes
                0x0000041f       0x34 ./Drivers/STM32F4xx_HAL_Driver/Src/stm32f4xx_hal_uart.o
 .ARM.attributes
                0x00000453       0x34 D:/phytec ojt/STM32CubeIDE_1.16.0/STM32CubeIDE/plugins/com.st.stm32cube.ide.mcu.externaltools.gnu-tools-for-stm32.12.3.rel1.win32_1.0.200.202406191623/tools/bin/../lib/gcc/arm-none-eabi/12.3.1/../../../../arm-none-eabi/lib/thumb/v7e-m+fp/hard\libc_nano.a(libc_a-findfp.o)
 .ARM.attributes
                0x00000487       0x34 D:/phytec ojt/STM32CubeIDE_1.16.0/STM32CubeIDE/plugins/com.st.stm32cube.ide.mcu.externaltools.gnu-tools-for-stm32.12.3.rel1.win32_1.0.200.202406191623/tools/bin/../lib/gcc/arm-none-eabi/12.3.1/../../../../arm-none-eabi/lib/thumb/v7e-m+fp/hard\libc_nano.a(libc_a-sprintf.o)
 .ARM.attributes
                0x000004bb       0x34 D:/phytec ojt/STM32CubeIDE_1.16.0/STM32CubeIDE/plugins/com.st.stm32cube.ide.mcu.externaltools.gnu-tools-for-stm32.12.3.rel1.win32_1.0.200.202406191623/tools/bin/../lib/gcc/arm-none-eabi/12.3.1/../../../../arm-none-eabi/lib/thumb/v7e-m+fp/hard\libc_nano.a(libc_a-memset.o)
 .ARM.attributes
                0x000004ef       0x34 D:/phytec ojt/STM32CubeIDE_1.16.0/STM32CubeIDE/plugins/com.st.stm32cube.ide.mcu.externaltools.gnu-tools-for-stm32.12.3.rel1.win32_1.0.200.202406191623/tools/bin/../lib/gcc/arm-none-eabi/12.3.1/../../../../arm-none-eabi/lib/thumb/v7e-m+fp/hard\libc_nano.a(libc_a-reent.o)
 .ARM.attributes
                0x00000523       0x34 D:/phytec ojt/STM32CubeIDE_1.16.0/STM32CubeIDE/plugins/com.st.stm32cube.ide.mcu.externaltools.gnu-tools-for-stm32.12.3.rel1.win32_1.0.200.202406191623/tools/bin/../lib/gcc/arm-none-eabi/12.3.1/../../../../arm-none-eabi/lib/thumb/v7e-m+fp/hard\libc_nano.a(libc_a-impure.o)
 .ARM.attributes
                0x00000557       0x34 D:/phytec ojt/STM32CubeIDE_1.16.0/STM32CubeIDE/plugins/com.st.stm32cube.ide.mcu.externaltools.gnu-tools-for-stm32.12.3.rel1.win32_1.0.200.202406191623/tools/bin/../lib/gcc/arm-none-eabi/12.3.1/../../../../arm-none-eabi/lib/thumb/v7e-m+fp/hard\libc_nano.a(libc_a-errno.o)
 .ARM.attributes
                0x0000058b       0x34 D:/phytec ojt/STM32CubeIDE_1.16.0/STM32CubeIDE/plugins/com.st.stm32cube.ide.mcu.externaltools.gnu-tools-for-stm32.12.3.rel1.win32_1.0.200.202406191623/tools/bin/../lib/gcc/arm-none-eabi/12.3.1/../../../../arm-none-eabi/lib/thumb/v7e-m+fp/hard\libc_nano.a(libc_a-init.o)
 .ARM.attributes
                0x000005bf       0x34 D:/phytec ojt/STM32CubeIDE_1.16.0/STM32CubeIDE/plugins/com.st.stm32cube.ide.mcu.externaltools.gnu-tools-for-stm32.12.3.rel1.win32_1.0.200.202406191623/tools/bin/../lib/gcc/arm-none-eabi/12.3.1/../../../../arm-none-eabi/lib/thumb/v7e-m+fp/hard\libc_nano.a(libc_a-lock.o)
 .ARM.attributes
                0x000005f3       0x17 D:/phytec ojt/STM32CubeIDE_1.16.0/STM32CubeIDE/plugins/com.st.stm32cube.ide.mcu.externaltools.gnu-tools-for-stm32.12.3.rel1.win32_1.0.200.202406191623/tools/bin/../lib/gcc/arm-none-eabi/12.3.1/../../../../arm-none-eabi/lib/thumb/v7e-m+fp/hard\libc_nano.a(libc_a-strlen.o)
 .ARM.attributes
                0x0000060a       0x34 D:/phytec ojt/STM32CubeIDE_1.16.0/STM32CubeIDE/plugins/com.st.stm32cube.ide.mcu.externaltools.gnu-tools-for-stm32.12.3.rel1.win32_1.0.200.202406191623/tools/bin/../lib/gcc/arm-none-eabi/12.3.1/../../../../arm-none-eabi/lib/thumb/v7e-m+fp/hard\libc_nano.a(libc_a-freer.o)
 .ARM.attributes
                0x0000063e       0x34 D:/phytec ojt/STM32CubeIDE_1.16.0/STM32CubeIDE/plugins/com.st.stm32cube.ide.mcu.externaltools.gnu-tools-for-stm32.12.3.rel1.win32_1.0.200.202406191623/tools/bin/../lib/gcc/arm-none-eabi/12.3.1/../../../../arm-none-eabi/lib/thumb/v7e-m+fp/hard\libc_nano.a(libc_a-mallocr.o)
 .ARM.attributes
                0x00000672       0x34 D:/phytec ojt/STM32CubeIDE_1.16.0/STM32CubeIDE/plugins/com.st.stm32cube.ide.mcu.externaltools.gnu-tools-for-stm32.12.3.rel1.win32_1.0.200.202406191623/tools/bin/../lib/gcc/arm-none-eabi/12.3.1/../../../../arm-none-eabi/lib/thumb/v7e-m+fp/hard\libc_nano.a(libc_a-mlock.o)
 .ARM.attributes
                0x000006a6       0x34 D:/phytec ojt/STM32CubeIDE_1.16.0/STM32CubeIDE/plugins/com.st.stm32cube.ide.mcu.externaltools.gnu-tools-for-stm32.12.3.rel1.win32_1.0.200.202406191623/tools/bin/../lib/gcc/arm-none-eabi/12.3.1/../../../../arm-none-eabi/lib/thumb/v7e-m+fp/hard\libc_nano.a(libc_a-nano-svfprintf.o)
 .ARM.attributes
                0x000006da       0x34 D:/phytec ojt/STM32CubeIDE_1.16.0/STM32CubeIDE/plugins/com.st.stm32cube.ide.mcu.externaltools.gnu-tools-for-stm32.12.3.rel1.win32_1.0.200.202406191623/tools/bin/../lib/gcc/arm-none-eabi/12.3.1/../../../../arm-none-eabi/lib/thumb/v7e-m+fp/hard\libc_nano.a(libc_a-nano-vfprintf_i.o)
 .ARM.attributes
                0x0000070e       0x34 D:/phytec ojt/STM32CubeIDE_1.16.0/STM32CubeIDE/plugins/com.st.stm32cube.ide.mcu.externaltools.gnu-tools-for-stm32.12.3.rel1.win32_1.0.200.202406191623/tools/bin/../lib/gcc/arm-none-eabi/12.3.1/../../../../arm-none-eabi/lib/thumb/v7e-m+fp/hard\libc_nano.a(libc_a-memmove.o)
 .ARM.attributes
                0x00000742       0x34 D:/phytec ojt/STM32CubeIDE_1.16.0/STM32CubeIDE/plugins/com.st.stm32cube.ide.mcu.externaltools.gnu-tools-for-stm32.12.3.rel1.win32_1.0.200.202406191623/tools/bin/../lib/gcc/arm-none-eabi/12.3.1/../../../../arm-none-eabi/lib/thumb/v7e-m+fp/hard\libc_nano.a(libc_a-sbrkr.o)
 .ARM.attributes
                0x00000776       0x1c D:/phytec ojt/STM32CubeIDE_1.16.0/STM32CubeIDE/plugins/com.st.stm32cube.ide.mcu.externaltools.gnu-tools-for-stm32.12.3.rel1.win32_1.0.200.202406191623/tools/bin/../lib/gcc/arm-none-eabi/12.3.1/../../../../arm-none-eabi/lib/thumb/v7e-m+fp/hard\libc_nano.a(libc_a-memchr.o)
 .ARM.attributes
                0x00000792       0x34 D:/phytec ojt/STM32CubeIDE_1.16.0/STM32CubeIDE/plugins/com.st.stm32cube.ide.mcu.externaltools.gnu-tools-for-stm32.12.3.rel1.win32_1.0.200.202406191623/tools/bin/../lib/gcc/arm-none-eabi/12.3.1/../../../../arm-none-eabi/lib/thumb/v7e-m+fp/hard\libc_nano.a(libc_a-memcpy-stub.o)
 .ARM.attributes
                0x000007c6       0x34 D:/phytec ojt/STM32CubeIDE_1.16.0/STM32CubeIDE/plugins/com.st.stm32cube.ide.mcu.externaltools.gnu-tools-for-stm32.12.3.rel1.win32_1.0.200.202406191623/tools/bin/../lib/gcc/arm-none-eabi/12.3.1/../../../../arm-none-eabi/lib/thumb/v7e-m+fp/hard\libc_nano.a(libc_a-reallocr.o)
 .ARM.attributes
                0x000007fa       0x34 D:/phytec ojt/STM32CubeIDE_1.16.0/STM32CubeIDE/plugins/com.st.stm32cube.ide.mcu.externaltools.gnu-tools-for-stm32.12.3.rel1.win32_1.0.200.202406191623/tools/bin/../lib/gcc/arm-none-eabi/12.3.1/../../../../arm-none-eabi/lib/thumb/v7e-m+fp/hard\libc_nano.a(libc_a-msizer.o)
 .ARM.attributes
                0x0000082e       0x22 D:/phytec ojt/STM32CubeIDE_1.16.0/STM32CubeIDE/plugins/com.st.stm32cube.ide.mcu.externaltools.gnu-tools-for-stm32.12.3.rel1.win32_1.0.200.202406191623/tools/bin/../lib/gcc/arm-none-eabi/12.3.1/thumb/v7e-m+fp/hard\libgcc.a(_aeabi_uldivmod.o)
 .ARM.attributes
                0x00000850       0x34 D:/phytec ojt/STM32CubeIDE_1.16.0/STM32CubeIDE/plugins/com.st.stm32cube.ide.mcu.externaltools.gnu-tools-for-stm32.12.3.rel1.win32_1.0.200.202406191623/tools/bin/../lib/gcc/arm-none-eabi/12.3.1/thumb/v7e-m+fp/hard\libgcc.a(_udivmoddi4.o)
 .ARM.attributes
                0x00000884       0x22 D:/phytec ojt/STM32CubeIDE_1.16.0/STM32CubeIDE/plugins/com.st.stm32cube.ide.mcu.externaltools.gnu-tools-for-stm32.12.3.rel1.win32_1.0.200.202406191623/tools/bin/../lib/gcc/arm-none-eabi/12.3.1/thumb/v7e-m+fp/hard\libgcc.a(_dvmd_tls.o)
 .ARM.attributes
                0x000008a6       0x22 D:/phytec ojt/STM32CubeIDE_1.16.0/STM32CubeIDE/plugins/com.st.stm32cube.ide.mcu.externaltools.gnu-tools-for-stm32.12.3.rel1.win32_1.0.200.202406191623/tools/bin/../lib/gcc/arm-none-eabi/12.3.1/thumb/v7e-m+fp/hard/crtn.o
OUTPUT(autonomous_mobile_robot.elf elf32-littlearm)
LOAD linker stubs
LOAD D:/phytec ojt/STM32CubeIDE_1.16.0/STM32CubeIDE/plugins/com.st.stm32cube.ide.mcu.externaltools.gnu-tools-for-stm32.12.3.rel1.win32_1.0.200.202406191623/tools/bin/../lib/gcc/arm-none-eabi/12.3.1/../../../../arm-none-eabi/lib/thumb/v7e-m+fp/hard\libc.a
LOAD D:/phytec ojt/STM32CubeIDE_1.16.0/STM32CubeIDE/plugins/com.st.stm32cube.ide.mcu.externaltools.gnu-tools-for-stm32.12.3.rel1.win32_1.0.200.202406191623/tools/bin/../lib/gcc/arm-none-eabi/12.3.1/../../../../arm-none-eabi/lib/thumb/v7e-m+fp/hard\libm.a
LOAD D:/phytec ojt/STM32CubeIDE_1.16.0/STM32CubeIDE/plugins/com.st.stm32cube.ide.mcu.externaltools.gnu-tools-for-stm32.12.3.rel1.win32_1.0.200.202406191623/tools/bin/../lib/gcc/arm-none-eabi/12.3.1/thumb/v7e-m+fp/hard\libgcc.a

.debug_info     0x00000000     0xebee
 .debug_info    0x00000000      0x1f5 ./Core/Src/buzzer.o
 .debug_info    0x000001f5      0x1ce ./Core/Src/flame_sensor.o
 .debug_info    0x000003c3     0x140d ./Core/Src/main.o
 .debug_info    0x000017d0      0x8a1 ./Core/Src/motor.o
 .debug_info    0x00002071      0x71a ./Core/Src/servo.o
 .debug_info    0x0000278b      0xddb ./Core/Src/stm32f4xx_hal_msp.o
 .debug_info    0x00003566      0x112 ./Core/Src/stm32f4xx_it.o
 .debug_info    0x00003678      0x168 ./Core/Src/sysmem.o
 .debug_info    0x000037e0      0x54a ./Core/Src/system_stm32f4xx.o
 .debug_info    0x00003d2a      0x83c ./Core/Src/ultrasonic.o
 .debug_info    0x00004566      0x7e3 ./Core/Src/we10.o
 .debug_info    0x00004d49       0x30 ./Core/Startup/startup_stm32f446retx.o
 .debug_info    0x00004d79      0x99a ./Drivers/STM32F4xx_HAL_Driver/Src/stm32f4xx_hal.o
 .debug_info    0x00005713      0xdaa ./Drivers/STM32F4xx_HAL_Driver/Src/stm32f4xx_hal_cortex.o
 .debug_info    0x000064bd      0x70b ./Drivers/STM32F4xx_HAL_Driver/Src/stm32f4xx_hal_gpio.o
 .debug_info    0x00006bc8      0x8ff ./Drivers/STM32F4xx_HAL_Driver/Src/stm32f4xx_hal_rcc.o
 .debug_info    0x000074c7      0x960 ./Drivers/STM32F4xx_HAL_Driver/Src/stm32f4xx_hal_rcc_ex.o
 .debug_info    0x00007e27     0x299d ./Drivers/STM32F4xx_HAL_Driver/Src/stm32f4xx_hal_tim.o
 .debug_info    0x0000a7c4     0x14db ./Drivers/STM32F4xx_HAL_Driver/Src/stm32f4xx_hal_tim_ex.o
 .debug_info    0x0000bc9f     0x2f4f ./Drivers/STM32F4xx_HAL_Driver/Src/stm32f4xx_hal_uart.o

.debug_abbrev   0x00000000     0x250c
 .debug_abbrev  0x00000000      0x121 ./Core/Src/buzzer.o
 .debug_abbrev  0x00000121      0x10f ./Core/Src/flame_sensor.o
 .debug_abbrev  0x00000230      0x2e1 ./Core/Src/main.o
 .debug_abbrev  0x00000511      0x1fb ./Core/Src/motor.o
 .debug_abbrev  0x0000070c      0x1c0 ./Core/Src/servo.o
 .debug_abbrev  0x000008cc      0x230 ./Core/Src/stm32f4xx_hal_msp.o
 .debug_abbrev  0x00000afc       0x73 ./Core/Src/stm32f4xx_it.o
 .debug_abbrev  0x00000b6f       0xbc ./Core/Src/sysmem.o
 .debug_abbrev  0x00000c2b      0x11a ./Core/Src/system_stm32f4xx.o
 .debug_abbrev  0x00000d45      0x1e8 ./Core/Src/ultrasonic.o
 .debug_abbrev  0x00000f2d      0x1e5 ./Core/Src/we10.o
 .debug_abbrev  0x00001112       0x24 ./Core/Startup/startup_stm32f446retx.o
 .debug_abbrev  0x00001136      0x214 ./Drivers/STM32F4xx_HAL_Driver/Src/stm32f4xx_hal.o
 .debug_abbrev  0x0000134a      0x31d ./Drivers/STM32F4xx_HAL_Driver/Src/stm32f4xx_hal_cortex.o
 .debug_abbrev  0x00001667      0x1d4 ./Drivers/STM32F4xx_HAL_Driver/Src/stm32f4xx_hal_gpio.o
 .debug_abbrev  0x0000183b      0x2b7 ./Drivers/STM32F4xx_HAL_Driver/Src/stm32f4xx_hal_rcc.o
 .debug_abbrev  0x00001af2      0x211 ./Drivers/STM32F4xx_HAL_Driver/Src/stm32f4xx_hal_rcc_ex.o
 .debug_abbrev  0x00001d03      0x278 ./Drivers/STM32F4xx_HAL_Driver/Src/stm32f4xx_hal_tim.o
 .debug_abbrev  0x00001f7b      0x283 ./Drivers/STM32F4xx_HAL_Driver/Src/stm32f4xx_hal_tim_ex.o
 .debug_abbrev  0x000021fe      0x30e ./Drivers/STM32F4xx_HAL_Driver/Src/stm32f4xx_hal_uart.o

.debug_aranges  0x00000000      0xda0
 .debug_aranges
                0x00000000       0x38 ./Core/Src/buzzer.o
 .debug_aranges
                0x00000038       0x28 ./Core/Src/flame_sensor.o
 .debug_aranges
                0x00000060       0x70 ./Core/Src/main.o
 .debug_aranges
                0x000000d0       0x58 ./Core/Src/motor.o
 .debug_aranges
                0x00000128       0x30 ./Core/Src/servo.o
 .debug_aranges
                0x00000158       0x48 ./Core/Src/stm32f4xx_hal_msp.o
 .debug_aranges
                0x000001a0       0x60 ./Core/Src/stm32f4xx_it.o
 .debug_aranges
                0x00000200       0x20 ./Core/Src/sysmem.o
 .debug_aranges
                0x00000220       0x28 ./Core/Src/system_stm32f4xx.o
 .debug_aranges
                0x00000248       0x38 ./Core/Src/ultrasonic.o
 .debug_aranges
                0x00000280       0x40 ./Core/Src/we10.o
 .debug_aranges
                0x000002c0       0x28 ./Core/Startup/startup_stm32f446retx.o
 .debug_aranges
                0x000002e8       0xf0 ./Drivers/STM32F4xx_HAL_Driver/Src/stm32f4xx_hal.o
 .debug_aranges
                0x000003d8      0x130 ./Drivers/STM32F4xx_HAL_Driver/Src/stm32f4xx_hal_cortex.o
 .debug_aranges
                0x00000508       0x58 ./Drivers/STM32F4xx_HAL_Driver/Src/stm32f4xx_hal_gpio.o
 .debug_aranges
                0x00000560       0x88 ./Drivers/STM32F4xx_HAL_Driver/Src/stm32f4xx_hal_rcc.o
 .debug_aranges
                0x000005e8       0x78 ./Drivers/STM32F4xx_HAL_Driver/Src/stm32f4xx_hal_rcc_ex.o
 .debug_aranges
                0x00000660      0x3d0 ./Drivers/STM32F4xx_HAL_Driver/Src/stm32f4xx_hal_tim.o
 .debug_aranges
                0x00000a30      0x168 ./Drivers/STM32F4xx_HAL_Driver/Src/stm32f4xx_hal_tim_ex.o
 .debug_aranges
                0x00000b98      0x208 ./Drivers/STM32F4xx_HAL_Driver/Src/stm32f4xx_hal_uart.o

.debug_rnglists
                0x00000000      0xa8e
 .debug_rnglists
                0x00000000       0x25 ./Core/Src/buzzer.o
 .debug_rnglists
                0x00000025       0x19 ./Core/Src/flame_sensor.o
 .debug_rnglists
                0x0000003e       0x57 ./Core/Src/main.o
 .debug_rnglists
                0x00000095       0x3d ./Core/Src/motor.o
 .debug_rnglists
                0x000000d2       0x1f ./Core/Src/servo.o
 .debug_rnglists
                0x000000f1       0x34 ./Core/Src/stm32f4xx_hal_msp.o
 .debug_rnglists
                0x00000125       0x43 ./Core/Src/stm32f4xx_it.o
 .debug_rnglists
                0x00000168       0x13 ./Core/Src/sysmem.o
 .debug_rnglists
                0x0000017b       0x1a ./Core/Src/system_stm32f4xx.o
 .debug_rnglists
                0x00000195       0x26 ./Core/Src/ultrasonic.o
 .debug_rnglists
                0x000001bb       0x2d ./Core/Src/we10.o
 .debug_rnglists
                0x000001e8       0x19 ./Core/Startup/startup_stm32f446retx.o
 .debug_rnglists
                0x00000201       0xaf ./Drivers/STM32F4xx_HAL_Driver/Src/stm32f4xx_hal.o
 .debug_rnglists
                0x000002b0       0xe0 ./Drivers/STM32F4xx_HAL_Driver/Src/stm32f4xx_hal_cortex.o
 .debug_rnglists
                0x00000390       0x3f ./Drivers/STM32F4xx_HAL_Driver/Src/stm32f4xx_hal_gpio.o
 .debug_rnglists
                0x000003cf       0x66 ./Drivers/STM32F4xx_HAL_Driver/Src/stm32f4xx_hal_rcc.o
 .debug_rnglists
                0x00000435       0x5e ./Drivers/STM32F4xx_HAL_Driver/Src/stm32f4xx_hal_rcc_ex.o
 .debug_rnglists
                0x00000493      0x31a ./Drivers/STM32F4xx_HAL_Driver/Src/stm32f4xx_hal_tim.o
 .debug_rnglists
                0x000007ad      0x125 ./Drivers/STM32F4xx_HAL_Driver/Src/stm32f4xx_hal_tim_ex.o
 .debug_rnglists
                0x000008d2      0x1bc ./Drivers/STM32F4xx_HAL_Driver/Src/stm32f4xx_hal_uart.o

.debug_macro    0x00000000    0x22c0f
 .debug_macro   0x00000000      0x1ec ./Core/Src/buzzer.o
 .debug_macro   0x000001ec      0xab4 ./Core/Src/buzzer.o
 .debug_macro   0x00000ca0      0x29b ./Core/Src/buzzer.o
 .debug_macro   0x00000f3b       0x2e ./Core/Src/buzzer.o
 .debug_macro   0x00000f69       0x28 ./Core/Src/buzzer.o
 .debug_macro   0x00000f91       0x22 ./Core/Src/buzzer.o
 .debug_macro   0x00000fb3       0x8e ./Core/Src/buzzer.o
 .debug_macro   0x00001041       0x51 ./Core/Src/buzzer.o
 .debug_macro   0x00001092      0x103 ./Core/Src/buzzer.o
 .debug_macro   0x00001195       0x6a ./Core/Src/buzzer.o
 .debug_macro   0x000011ff      0x1df ./Core/Src/buzzer.o
 .debug_macro   0x000013de       0x1c ./Core/Src/buzzer.o
 .debug_macro   0x000013fa       0x22 ./Core/Src/buzzer.o
 .debug_macro   0x0000141c       0xfb ./Core/Src/buzzer.o
 .debug_macro   0x00001517     0x1011 ./Core/Src/buzzer.o
 .debug_macro   0x00002528      0x11f ./Core/Src/buzzer.o
 .debug_macro   0x00002647    0x1675e ./Core/Src/buzzer.o
 .debug_macro   0x00018da5       0x6d ./Core/Src/buzzer.o
 .debug_macro   0x00018e12     0x3693 ./Core/Src/buzzer.o
 .debug_macro   0x0001c4a5      0x189 ./Core/Src/buzzer.o
 .debug_macro   0x0001c62e       0x5c ./Core/Src/buzzer.o
 .debug_macro   0x0001c68a      0xca5 ./Core/Src/buzzer.o
 .debug_macro   0x0001d32f      0x9e9 ./Core/Src/buzzer.o
 .debug_macro   0x0001dd18      0x115 ./Core/Src/buzzer.o
 .debug_macro   0x0001de2d      0x1a0 ./Core/Src/buzzer.o
 .debug_macro   0x0001dfcd       0xa5 ./Core/Src/buzzer.o
 .debug_macro   0x0001e072      0x16d ./Core/Src/buzzer.o
 .debug_macro   0x0001e1df      0x287 ./Core/Src/buzzer.o
 .debug_macro   0x0001e466       0x5f ./Core/Src/buzzer.o
 .debug_macro   0x0001e4c5      0x236 ./Core/Src/buzzer.o
 .debug_macro   0x0001e6fb      0x132 ./Core/Src/buzzer.o
 .debug_macro   0x0001e82d      0x29c ./Core/Src/buzzer.o
 .debug_macro   0x0001eac9       0x2e ./Core/Src/buzzer.o
 .debug_macro   0x0001eaf7      0x127 ./Core/Src/buzzer.o
 .debug_macro   0x0001ec1e       0xe8 ./Core/Src/buzzer.o
 .debug_macro   0x0001ed06       0x89 ./Core/Src/buzzer.o
 .debug_macro   0x0001ed8f      0x8ed ./Core/Src/buzzer.o
 .debug_macro   0x0001f67c       0x53 ./Core/Src/buzzer.o
 .debug_macro   0x0001f6cf      0x2aa ./Core/Src/buzzer.o
 .debug_macro   0x0001f979      0x126 ./Core/Src/buzzer.o
 .debug_macro   0x0001fa9f       0x58 ./Core/Src/buzzer.o
 .debug_macro   0x0001faf7       0x10 ./Core/Src/buzzer.o
 .debug_macro   0x0001fb07      0x1ec ./Core/Src/flame_sensor.o
 .debug_macro   0x0001fcf3       0x16 ./Core/Src/flame_sensor.o
 .debug_macro   0x0001fd09      0x325 ./Core/Src/main.o
 .debug_macro   0x0002002e       0x61 ./Core/Src/main.o
 .debug_macro   0x0002008f       0x2a ./Core/Src/main.o
 .debug_macro   0x000200b9       0x43 ./Core/Src/main.o
 .debug_macro   0x000200fc       0x34 ./Core/Src/main.o
 .debug_macro   0x00020130       0x16 ./Core/Src/main.o
 .debug_macro   0x00020146       0x35 ./Core/Src/main.o
 .debug_macro   0x0002017b      0x369 ./Core/Src/main.o
 .debug_macro   0x000204e4       0x10 ./Core/Src/main.o
 .debug_macro   0x000204f4       0x16 ./Core/Src/main.o
 .debug_macro   0x0002050a       0x43 ./Core/Src/main.o
 .debug_macro   0x0002054d       0x34 ./Core/Src/main.o
 .debug_macro   0x00020581       0x10 ./Core/Src/main.o
 .debug_macro   0x00020591       0x58 ./Core/Src/main.o
 .debug_macro   0x000205e9       0x8e ./Core/Src/main.o
 .debug_macro   0x00020677       0x1c ./Core/Src/main.o
 .debug_macro   0x00020693      0x177 ./Core/Src/main.o
 .debug_macro   0x0002080a       0x16 ./Core/Src/main.o
 .debug_macro   0x00020820       0x16 ./Core/Src/main.o
 .debug_macro   0x00020836      0x146 ./Core/Src/main.o
 .debug_macro   0x0002097c       0x16 ./Core/Src/main.o
 .debug_macro   0x00020992       0x20 ./Core/Src/main.o
 .debug_macro   0x000209b2       0x22 ./Core/Src/main.o
 .debug_macro   0x000209d4       0x1c ./Core/Src/main.o
 .debug_macro   0x000209f0       0x16 ./Core/Src/main.o
 .debug_macro   0x00020a06       0x6a ./Core/Src/main.o
 .debug_macro   0x00020a70       0x22 ./Core/Src/main.o
 .debug_macro   0x00020a92       0x2e ./Core/Src/main.o
 .debug_macro   0x00020ac0      0x1ec ./Core/Src/motor.o
 .debug_macro   0x00020cac       0x64 ./Core/Src/motor.o
 .debug_macro   0x00020d10      0x1ec ./Core/Src/servo.o
 .debug_macro   0x00020efc       0x1c ./Core/Src/servo.o
 .debug_macro   0x00020f18      0x1dd ./Core/Src/stm32f4xx_hal_msp.o
 .debug_macro   0x000210f5      0x1e7 ./Core/Src/stm32f4xx_it.o
 .debug_macro   0x000212dc       0xff ./Core/Src/sysmem.o
 .debug_macro   0x000213db      0x23c ./Core/Src/sysmem.o
 .debug_macro   0x00021617      0x1ce ./Core/Src/system_stm32f4xx.o
 .debug_macro   0x000217e5      0x1ec ./Core/Src/ultrasonic.o
 .debug_macro   0x000219d1      0x2ee ./Core/Src/we10.o
 .debug_macro   0x00021cbf       0x10 ./Core/Src/we10.o
 .debug_macro   0x00021ccf       0x1c ./Core/Src/we10.o
 .debug_macro   0x00021ceb       0x28 ./Core/Src/we10.o
 .debug_macro   0x00021d13      0x22e ./Drivers/STM32F4xx_HAL_Driver/Src/stm32f4xx_hal.o
 .debug_macro   0x00021f41      0x1ce ./Drivers/STM32F4xx_HAL_Driver/Src/stm32f4xx_hal_cortex.o
 .debug_macro   0x0002210f      0x1d4 ./Drivers/STM32F4xx_HAL_Driver/Src/stm32f4xx_hal_gpio.o
 .debug_macro   0x000222e3      0x1f2 ./Drivers/STM32F4xx_HAL_Driver/Src/stm32f4xx_hal_rcc.o
 .debug_macro   0x000224d5      0x1ce ./Drivers/STM32F4xx_HAL_Driver/Src/stm32f4xx_hal_rcc_ex.o
 .debug_macro   0x000226a3      0x1cf ./Drivers/STM32F4xx_HAL_Driver/Src/stm32f4xx_hal_tim.o
 .debug_macro   0x00022872      0x1ce ./Drivers/STM32F4xx_HAL_Driver/Src/stm32f4xx_hal_tim_ex.o
 .debug_macro   0x00022a40      0x1cf ./Drivers/STM32F4xx_HAL_Driver/Src/stm32f4xx_hal_uart.o

.debug_line     0x00000000    0x11d8a
 .debug_line    0x00000000      0x783 ./Core/Src/buzzer.o
 .debug_line    0x00000783      0x75d ./Core/Src/flame_sensor.o
 .debug_line    0x00000ee0      0xd7f ./Core/Src/main.o
 .debug_line    0x00001c5f      0x807 ./Core/Src/motor.o
 .debug_line    0x00002466      0x7bf ./Core/Src/servo.o
 .debug_line    0x00002c25      0x886 ./Core/Src/stm32f4xx_hal_msp.o
 .debug_line    0x000034ab      0x801 ./Core/Src/stm32f4xx_it.o
 .debug_line    0x00003cac      0x666 ./Core/Src/sysmem.o
 .debug_line    0x00004312      0x7b4 ./Core/Src/system_stm32f4xx.o
 .debug_line    0x00004ac6      0x7e9 ./Core/Src/ultrasonic.o
 .debug_line    0x000052af      0xa64 ./Core/Src/we10.o
 .debug_line    0x00005d13       0x7a ./Core/Startup/startup_stm32f446retx.o
 .debug_line    0x00005d8d      0xa2c ./Drivers/STM32F4xx_HAL_Driver/Src/stm32f4xx_hal.o
 .debug_line    0x000067b9      0xd1e ./Drivers/STM32F4xx_HAL_Driver/Src/stm32f4xx_hal_cortex.o
 .debug_line    0x000074d7      0xba4 ./Drivers/STM32F4xx_HAL_Driver/Src/stm32f4xx_hal_gpio.o
 .debug_line    0x0000807b      0xdc3 ./Drivers/STM32F4xx_HAL_Driver/Src/stm32f4xx_hal_rcc.o
 .debug_line    0x00008e3e     0x1433 ./Drivers/STM32F4xx_HAL_Driver/Src/stm32f4xx_hal_rcc_ex.o
 .debug_line    0x0000a271     0x37c8 ./Drivers/STM32F4xx_HAL_Driver/Src/stm32f4xx_hal_tim.o
 .debug_line    0x0000da39     0x1a22 ./Drivers/STM32F4xx_HAL_Driver/Src/stm32f4xx_hal_tim_ex.o
 .debug_line    0x0000f45b     0x292f ./Drivers/STM32F4xx_HAL_Driver/Src/stm32f4xx_hal_uart.o

.debug_str      0x00000000    0xd13c0
 .debug_str     0x00000000    0xc95ac ./Core/Src/buzzer.o
                              0xc9849 (size before relaxing)
 .debug_str     0x000c95ac       0xa8 ./Core/Src/flame_sensor.o
                              0xc985d (size before relaxing)
 .debug_str     0x000c9654     0x4764 ./Core/Src/main.o
                              0xce0f0 (size before relaxing)
 .debug_str     0x000cddb8       0x6b ./Core/Src/motor.o
                              0xc9f75 (size before relaxing)
 .debug_str     0x000cde23       0x2f ./Core/Src/servo.o
                              0xc9d6b (size before relaxing)
 .debug_str     0x000cde52       0xb9 ./Core/Src/stm32f4xx_hal_msp.o
                              0xca0f1 (size before relaxing)
 .debug_str     0x000cdf0b       0xc9 ./Core/Src/stm32f4xx_it.o
                              0xc97f2 (size before relaxing)
 .debug_str     0x000cdfd4      0x4dc ./Core/Src/sysmem.o
                               0x60d1 (size before relaxing)
 .debug_str     0x000ce4b0       0xdb ./Core/Src/system_stm32f4xx.o
                              0xc981b (size before relaxing)
 .debug_str     0x000ce58b       0x45 ./Core/Src/ultrasonic.o
                              0xc9e39 (size before relaxing)
 .debug_str     0x000ce5d0       0x80 ./Core/Src/we10.o
                              0xcd501 (size before relaxing)
 .debug_str     0x000ce650       0x44 ./Core/Startup/startup_stm32f446retx.o
                                 0x84 (size before relaxing)
 .debug_str     0x000ce694      0xb11 ./Drivers/STM32F4xx_HAL_Driver/Src/stm32f4xx_hal.o
                              0xca3e0 (size before relaxing)
 .debug_str     0x000cf1a5      0x392 ./Drivers/STM32F4xx_HAL_Driver/Src/stm32f4xx_hal_cortex.o
                              0xca137 (size before relaxing)
 .debug_str     0x000cf537      0x110 ./Drivers/STM32F4xx_HAL_Driver/Src/stm32f4xx_hal_gpio.o
                              0xc9996 (size before relaxing)
 .debug_str     0x000cf647      0x233 ./Drivers/STM32F4xx_HAL_Driver/Src/stm32f4xx_hal_rcc.o
                              0xc9c54 (size before relaxing)
 .debug_str     0x000cf87a      0x324 ./Drivers/STM32F4xx_HAL_Driver/Src/stm32f4xx_hal_rcc_ex.o
                              0xc9c87 (size before relaxing)
 .debug_str     0x000cfb9e      0xd7c ./Drivers/STM32F4xx_HAL_Driver/Src/stm32f4xx_hal_tim.o
                              0xcab80 (size before relaxing)
 .debug_str     0x000d091a      0x493 ./Drivers/STM32F4xx_HAL_Driver/Src/stm32f4xx_hal_tim_ex.o
                              0xca38c (size before relaxing)
 .debug_str     0x000d0dad      0x613 ./Drivers/STM32F4xx_HAL_Driver/Src/stm32f4xx_hal_uart.o
                              0xca20b (size before relaxing)

.comment        0x00000000       0x43
 .comment       0x00000000       0x43 ./Core/Src/buzzer.o
                                 0x44 (size before relaxing)
 .comment       0x00000043       0x44 ./Core/Src/flame_sensor.o
 .comment       0x00000043       0x44 ./Core/Src/main.o
 .comment       0x00000043       0x44 ./Core/Src/motor.o
 .comment       0x00000043       0x44 ./Core/Src/servo.o
 .comment       0x00000043       0x44 ./Core/Src/stm32f4xx_hal_msp.o
 .comment       0x00000043       0x44 ./Core/Src/stm32f4xx_it.o
 .comment       0x00000043       0x44 ./Core/Src/sysmem.o
 .comment       0x00000043       0x44 ./Core/Src/system_stm32f4xx.o
 .comment       0x00000043       0x44 ./Core/Src/ultrasonic.o
 .comment       0x00000043       0x44 ./Core/Src/we10.o
 .comment       0x00000043       0x44 ./Drivers/STM32F4xx_HAL_Driver/Src/stm32f4xx_hal.o
 .comment       0x00000043       0x44 ./Drivers/STM32F4xx_HAL_Driver/Src/stm32f4xx_hal_cortex.o
 .comment       0x00000043       0x44 ./Drivers/STM32F4xx_HAL_Driver/Src/stm32f4xx_hal_gpio.o
 .comment       0x00000043       0x44 ./Drivers/STM32F4xx_HAL_Driver/Src/stm32f4xx_hal_rcc.o
 .comment       0x00000043       0x44 ./Drivers/STM32F4xx_HAL_Driver/Src/stm32f4xx_hal_rcc_ex.o
 .comment       0x00000043       0x44 ./Drivers/STM32F4xx_HAL_Driver/Src/stm32f4xx_hal_tim.o
 .comment       0x00000043       0x44 ./Drivers/STM32F4xx_HAL_Driver/Src/stm32f4xx_hal_tim_ex.o
 .comment       0x00000043       0x44 ./Drivers/STM32F4xx_HAL_Driver/Src/stm32f4xx_hal_uart.o

.debug_frame    0x00000000     0x3cc4
 .debug_frame   0x00000000       0x88 ./Core/Src/buzzer.o
 .debug_frame   0x00000088       0x4c ./Core/Src/flame_sensor.o
 .debug_frame   0x000000d4      0x180 ./Core/Src/main.o
 .debug_frame   0x00000254      0x128 ./Core/Src/motor.o
 .debug_frame   0x0000037c       0x80 ./Core/Src/servo.o
 .debug_frame   0x000003fc       0xf0 ./Core/Src/stm32f4xx_hal_msp.o
 .debug_frame   0x000004ec      0x104 ./Core/Src/stm32f4xx_it.o
 .debug_frame   0x000005f0       0x34 ./Core/Src/sysmem.o
 .debug_frame   0x00000624       0x58 ./Core/Src/system_stm32f4xx.o
 .debug_frame   0x0000067c       0xa4 ./Core/Src/ultrasonic.o
 .debug_frame   0x00000720       0xd0 ./Core/Src/we10.o
 .debug_frame   0x000007f0      0x374 ./Drivers/STM32F4xx_HAL_Driver/Src/stm32f4xx_hal.o
 .debug_frame   0x00000b64      0x508 ./Drivers/STM32F4xx_HAL_Driver/Src/stm32f4xx_hal_cortex.o
 .debug_frame   0x0000106c      0x14c ./Drivers/STM32F4xx_HAL_Driver/Src/stm32f4xx_hal_gpio.o
 .debug_frame   0x000011b8      0x1f4 ./Drivers/STM32F4xx_HAL_Driver/Src/stm32f4xx_hal_rcc.o
 .debug_frame   0x000013ac      0x1e8 ./Drivers/STM32F4xx_HAL_Driver/Src/stm32f4xx_hal_rcc_ex.o
 .debug_frame   0x00001594     0x11c0 ./Drivers/STM32F4xx_HAL_Driver/Src/stm32f4xx_hal_tim.o
 .debug_frame   0x00002754      0x638 ./Drivers/STM32F4xx_HAL_Driver/Src/stm32f4xx_hal_tim_ex.o
 .debug_frame   0x00002d8c      0x954 ./Drivers/STM32F4xx_HAL_Driver/Src/stm32f4xx_hal_uart.o
 .debug_frame   0x000036e0      0x144 D:/phytec ojt/STM32CubeIDE_1.16.0/STM32CubeIDE/plugins/com.st.stm32cube.ide.mcu.externaltools.gnu-tools-for-stm32.12.3.rel1.win32_1.0.200.202406191623/tools/bin/../lib/gcc/arm-none-eabi/12.3.1/../../../../arm-none-eabi/lib/thumb/v7e-m+fp/hard\libc_nano.a(libc_a-findfp.o)
 .debug_frame   0x00003824       0x6c D:/phytec ojt/STM32CubeIDE_1.16.0/STM32CubeIDE/plugins/com.st.stm32cube.ide.mcu.externaltools.gnu-tools-for-stm32.12.3.rel1.win32_1.0.200.202406191623/tools/bin/../lib/gcc/arm-none-eabi/12.3.1/../../../../arm-none-eabi/lib/thumb/v7e-m+fp/hard\libc_nano.a(libc_a-sprintf.o)
 .debug_frame   0x00003890       0x20 D:/phytec ojt/STM32CubeIDE_1.16.0/STM32CubeIDE/plugins/com.st.stm32cube.ide.mcu.externaltools.gnu-tools-for-stm32.12.3.rel1.win32_1.0.200.202406191623/tools/bin/../lib/gcc/arm-none-eabi/12.3.1/../../../../arm-none-eabi/lib/thumb/v7e-m+fp/hard\libc_nano.a(libc_a-memset.o)
 .debug_frame   0x000038b0       0x38 D:/phytec ojt/STM32CubeIDE_1.16.0/STM32CubeIDE/plugins/com.st.stm32cube.ide.mcu.externaltools.gnu-tools-for-stm32.12.3.rel1.win32_1.0.200.202406191623/tools/bin/../lib/gcc/arm-none-eabi/12.3.1/../../../../arm-none-eabi/lib/thumb/v7e-m+fp/hard\libc_nano.a(libc_a-reent.o)
 .debug_frame   0x000038e8       0x20 D:/phytec ojt/STM32CubeIDE_1.16.0/STM32CubeIDE/plugins/com.st.stm32cube.ide.mcu.externaltools.gnu-tools-for-stm32.12.3.rel1.win32_1.0.200.202406191623/tools/bin/../lib/gcc/arm-none-eabi/12.3.1/../../../../arm-none-eabi/lib/thumb/v7e-m+fp/hard\libc_nano.a(libc_a-errno.o)
 .debug_frame   0x00003908       0x2c D:/phytec ojt/STM32CubeIDE_1.16.0/STM32CubeIDE/plugins/com.st.stm32cube.ide.mcu.externaltools.gnu-tools-for-stm32.12.3.rel1.win32_1.0.200.202406191623/tools/bin/../lib/gcc/arm-none-eabi/12.3.1/../../../../arm-none-eabi/lib/thumb/v7e-m+fp/hard\libc_nano.a(libc_a-init.o)
 .debug_frame   0x00003934       0xb0 D:/phytec ojt/STM32CubeIDE_1.16.0/STM32CubeIDE/plugins/com.st.stm32cube.ide.mcu.externaltools.gnu-tools-for-stm32.12.3.rel1.win32_1.0.200.202406191623/tools/bin/../lib/gcc/arm-none-eabi/12.3.1/../../../../arm-none-eabi/lib/thumb/v7e-m+fp/hard\libc_nano.a(libc_a-lock.o)
 .debug_frame   0x000039e4       0x38 D:/phytec ojt/STM32CubeIDE_1.16.0/STM32CubeIDE/plugins/com.st.stm32cube.ide.mcu.externaltools.gnu-tools-for-stm32.12.3.rel1.win32_1.0.200.202406191623/tools/bin/../lib/gcc/arm-none-eabi/12.3.1/../../../../arm-none-eabi/lib/thumb/v7e-m+fp/hard\libc_nano.a(libc_a-freer.o)
 .debug_frame   0x00003a1c       0x50 D:/phytec ojt/STM32CubeIDE_1.16.0/STM32CubeIDE/plugins/com.st.stm32cube.ide.mcu.externaltools.gnu-tools-for-stm32.12.3.rel1.win32_1.0.200.202406191623/tools/bin/../lib/gcc/arm-none-eabi/12.3.1/../../../../arm-none-eabi/lib/thumb/v7e-m+fp/hard\libc_nano.a(libc_a-mallocr.o)
 .debug_frame   0x00003a6c       0x30 D:/phytec ojt/STM32CubeIDE_1.16.0/STM32CubeIDE/plugins/com.st.stm32cube.ide.mcu.externaltools.gnu-tools-for-stm32.12.3.rel1.win32_1.0.200.202406191623/tools/bin/../lib/gcc/arm-none-eabi/12.3.1/../../../../arm-none-eabi/lib/thumb/v7e-m+fp/hard\libc_nano.a(libc_a-mlock.o)
 .debug_frame   0x00003a9c       0x90 D:/phytec ojt/STM32CubeIDE_1.16.0/STM32CubeIDE/plugins/com.st.stm32cube.ide.mcu.externaltools.gnu-tools-for-stm32.12.3.rel1.win32_1.0.200.202406191623/tools/bin/../lib/gcc/arm-none-eabi/12.3.1/../../../../arm-none-eabi/lib/thumb/v7e-m+fp/hard\libc_nano.a(libc_a-nano-svfprintf.o)
 .debug_frame   0x00003b2c       0x60 D:/phytec ojt/STM32CubeIDE_1.16.0/STM32CubeIDE/plugins/com.st.stm32cube.ide.mcu.externaltools.gnu-tools-for-stm32.12.3.rel1.win32_1.0.200.202406191623/tools/bin/../lib/gcc/arm-none-eabi/12.3.1/../../../../arm-none-eabi/lib/thumb/v7e-m+fp/hard\libc_nano.a(libc_a-nano-vfprintf_i.o)
 .debug_frame   0x00003b8c       0x28 D:/phytec ojt/STM32CubeIDE_1.16.0/STM32CubeIDE/plugins/com.st.stm32cube.ide.mcu.externaltools.gnu-tools-for-stm32.12.3.rel1.win32_1.0.200.202406191623/tools/bin/../lib/gcc/arm-none-eabi/12.3.1/../../../../arm-none-eabi/lib/thumb/v7e-m+fp/hard\libc_nano.a(libc_a-memmove.o)
 .debug_frame   0x00003bb4       0x2c D:/phytec ojt/STM32CubeIDE_1.16.0/STM32CubeIDE/plugins/com.st.stm32cube.ide.mcu.externaltools.gnu-tools-for-stm32.12.3.rel1.win32_1.0.200.202406191623/tools/bin/../lib/gcc/arm-none-eabi/12.3.1/../../../../arm-none-eabi/lib/thumb/v7e-m+fp/hard\libc_nano.a(libc_a-sbrkr.o)
 .debug_frame   0x00003be0       0x28 D:/phytec ojt/STM32CubeIDE_1.16.0/STM32CubeIDE/plugins/com.st.stm32cube.ide.mcu.externaltools.gnu-tools-for-stm32.12.3.rel1.win32_1.0.200.202406191623/tools/bin/../lib/gcc/arm-none-eabi/12.3.1/../../../../arm-none-eabi/lib/thumb/v7e-m+fp/hard\libc_nano.a(libc_a-memcpy-stub.o)
 .debug_frame   0x00003c08       0x3c D:/phytec ojt/STM32CubeIDE_1.16.0/STM32CubeIDE/plugins/com.st.stm32cube.ide.mcu.externaltools.gnu-tools-for-stm32.12.3.rel1.win32_1.0.200.202406191623/tools/bin/../lib/gcc/arm-none-eabi/12.3.1/../../../../arm-none-eabi/lib/thumb/v7e-m+fp/hard\libc_nano.a(libc_a-reallocr.o)
 .debug_frame   0x00003c44       0x20 D:/phytec ojt/STM32CubeIDE_1.16.0/STM32CubeIDE/plugins/com.st.stm32cube.ide.mcu.externaltools.gnu-tools-for-stm32.12.3.rel1.win32_1.0.200.202406191623/tools/bin/../lib/gcc/arm-none-eabi/12.3.1/../../../../arm-none-eabi/lib/thumb/v7e-m+fp/hard\libc_nano.a(libc_a-msizer.o)
 .debug_frame   0x00003c64       0x2c D:/phytec ojt/STM32CubeIDE_1.16.0/STM32CubeIDE/plugins/com.st.stm32cube.ide.mcu.externaltools.gnu-tools-for-stm32.12.3.rel1.win32_1.0.200.202406191623/tools/bin/../lib/gcc/arm-none-eabi/12.3.1/thumb/v7e-m+fp/hard\libgcc.a(_aeabi_uldivmod.o)
 .debug_frame   0x00003c90       0x34 D:/phytec ojt/STM32CubeIDE_1.16.0/STM32CubeIDE/plugins/com.st.stm32cube.ide.mcu.externaltools.gnu-tools-for-stm32.12.3.rel1.win32_1.0.200.202406191623/tools/bin/../lib/gcc/arm-none-eabi/12.3.1/thumb/v7e-m+fp/hard\libgcc.a(_udivmoddi4.o)

.debug_line_str
                0x00000000       0x68
 .debug_line_str
                0x00000000       0x68 ./Core/Startup/startup_stm32f446retx.o
